Archive member included to satisfy reference by file (symbol)

../lpcopen/bld/liblpcopen.a(chip_11xx.o)
                              ./bld/main.o (SystemCoreClockUpdate)
../lpcopen/bld/liblpcopen.a(clock_11xx.o)
                              ../lpcopen/bld/liblpcopen.a(chip_11xx.o) (Chip_Clock_GetSystemClockRate)
../lpcopen/bld/liblpcopen.a(gpio_11xx_2.o)
                              ./bld/main.o (Chip_GPIO_Init)
../lpcopen/bld/liblpcopen.a(sysinit_11xx.o)
                              ./bld/sysinit.o (Chip_SystemInit)
../lpcopen/bld/liblpcopen.a(uart_11xx.o)
                              ./bld/utils.o (Chip_UART_Init)
../lpcopen/bld/liblpcopen.a(board.o)
                              ../lpcopen/bld/liblpcopen.a(clock_11xx.o) (OscRateIn)
../lpcopen/bld/liblpcopen.a(ring_buffer.o)
                              ../lpcopen/bld/liblpcopen.a(uart_11xx.o) (RingBuffer_Insert)
../lpcopen/bld/liblpcopen.a(sysctl_11xx.o)
                              ../lpcopen/bld/liblpcopen.a(sysinit_11xx.o) (Chip_SYSCTL_PowerDown)
/Developer/arm/gcc-arm-none-eabi/bin/../lib/gcc/arm-none-eabi/7.2.1/thumb/v6-m/libgcc.a(_udivsi3.o)
                              ../lpcopen/bld/liblpcopen.a(clock_11xx.o) (__aeabi_uidiv)
/Developer/arm/gcc-arm-none-eabi/bin/../lib/gcc/arm-none-eabi/7.2.1/thumb/v6-m/libgcc.a(_dvmd_tls.o)
                              /Developer/arm/gcc-arm-none-eabi/bin/../lib/gcc/arm-none-eabi/7.2.1/thumb/v6-m/libgcc.a(_udivsi3.o) (__aeabi_idiv0)
/Developer/arm/gcc-arm-none-eabi/bin/../lib/gcc/arm-none-eabi/7.2.1/../../../../arm-none-eabi/lib/thumb/v6-m/libc.a(lib_a-exit.o)
                              /Developer/arm/gcc-arm-none-eabi/bin/../lib/gcc/arm-none-eabi/7.2.1/../../../../arm-none-eabi/lib/thumb/v6-m/crt0.o (exit)
/Developer/arm/gcc-arm-none-eabi/bin/../lib/gcc/arm-none-eabi/7.2.1/../../../../arm-none-eabi/lib/thumb/v6-m/libc.a(lib_a-impure.o)
                              /Developer/arm/gcc-arm-none-eabi/bin/../lib/gcc/arm-none-eabi/7.2.1/../../../../arm-none-eabi/lib/thumb/v6-m/libc.a(lib_a-exit.o) (_global_impure_ptr)
/Developer/arm/gcc-arm-none-eabi/bin/../lib/gcc/arm-none-eabi/7.2.1/../../../../arm-none-eabi/lib/thumb/v6-m/libc.a(lib_a-init.o)
                              /Developer/arm/gcc-arm-none-eabi/bin/../lib/gcc/arm-none-eabi/7.2.1/../../../../arm-none-eabi/lib/thumb/v6-m/crt0.o (__libc_init_array)
/Developer/arm/gcc-arm-none-eabi/bin/../lib/gcc/arm-none-eabi/7.2.1/../../../../arm-none-eabi/lib/thumb/v6-m/libc.a(lib_a-memcpy-stub.o)
                              ../lpcopen/bld/liblpcopen.a(ring_buffer.o) (memcpy)
/Developer/arm/gcc-arm-none-eabi/bin/../lib/gcc/arm-none-eabi/7.2.1/../../../../arm-none-eabi/lib/thumb/v6-m/libc.a(lib_a-memset.o)
                              /Developer/arm/gcc-arm-none-eabi/bin/../lib/gcc/arm-none-eabi/7.2.1/../../../../arm-none-eabi/lib/thumb/v6-m/crt0.o (memset)
/Developer/arm/gcc-arm-none-eabi/bin/../lib/gcc/arm-none-eabi/7.2.1/../../../../arm-none-eabi/lib/thumb/v6-m/libc.a(lib_a-printf.o)
                              ./bld/main.o (printf)
/Developer/arm/gcc-arm-none-eabi/bin/../lib/gcc/arm-none-eabi/7.2.1/../../../../arm-none-eabi/lib/thumb/v6-m/libc.a(lib_a-vfprintf.o)
                              /Developer/arm/gcc-arm-none-eabi/bin/../lib/gcc/arm-none-eabi/7.2.1/../../../../arm-none-eabi/lib/thumb/v6-m/libc.a(lib_a-printf.o) (_vfprintf_r)
/Developer/arm/gcc-arm-none-eabi/bin/../lib/gcc/arm-none-eabi/7.2.1/../../../../arm-none-eabi/lib/thumb/v6-m/libc.a(lib_a-wsetup.o)
                              /Developer/arm/gcc-arm-none-eabi/bin/../lib/gcc/arm-none-eabi/7.2.1/../../../../arm-none-eabi/lib/thumb/v6-m/libc.a(lib_a-vfprintf.o) (__swsetup_r)
/Developer/arm/gcc-arm-none-eabi/bin/../lib/gcc/arm-none-eabi/7.2.1/../../../../arm-none-eabi/lib/thumb/v6-m/libc.a(lib_a-__call_atexit.o)
                              /Developer/arm/gcc-arm-none-eabi/bin/../lib/gcc/arm-none-eabi/7.2.1/../../../../arm-none-eabi/lib/thumb/v6-m/libc.a(lib_a-exit.o) (__call_exitprocs)
/Developer/arm/gcc-arm-none-eabi/bin/../lib/gcc/arm-none-eabi/7.2.1/../../../../arm-none-eabi/lib/thumb/v6-m/libc.a(lib_a-atexit.o)
                              /Developer/arm/gcc-arm-none-eabi/bin/../lib/gcc/arm-none-eabi/7.2.1/../../../../arm-none-eabi/lib/thumb/v6-m/libc.a(lib_a-__call_atexit.o) (atexit)
/Developer/arm/gcc-arm-none-eabi/bin/../lib/gcc/arm-none-eabi/7.2.1/../../../../arm-none-eabi/lib/thumb/v6-m/libc.a(lib_a-dtoa.o)
                              /Developer/arm/gcc-arm-none-eabi/bin/../lib/gcc/arm-none-eabi/7.2.1/../../../../arm-none-eabi/lib/thumb/v6-m/libc.a(lib_a-vfprintf.o) (_dtoa_r)
/Developer/arm/gcc-arm-none-eabi/bin/../lib/gcc/arm-none-eabi/7.2.1/../../../../arm-none-eabi/lib/thumb/v6-m/libc.a(lib_a-fflush.o)
                              /Developer/arm/gcc-arm-none-eabi/bin/../lib/gcc/arm-none-eabi/7.2.1/../../../../arm-none-eabi/lib/thumb/v6-m/libc.a(lib_a-vfprintf.o) (_fflush_r)
[...]
Memory Configuration

Name             Origin             Length             Attributes
MFlash32         0x0000000000000000 0x0000000000008000 xr
RamLoc4          0x0000000010000000 0x0000000000001000 xrw
*default*        0x0000000000000000 0xffffffffffffffff

Linker script and memory map

LOAD /Developer/arm/gcc-arm-none-eabi/bin/../lib/gcc/arm-none-eabi/7.2.1/thumb/v6-m/crti.o
LOAD /Developer/arm/gcc-arm-none-eabi/bin/../lib/gcc/arm-none-eabi/7.2.1/thumb/v6-m/crtbegin.o
LOAD /Developer/arm/gcc-arm-none-eabi/bin/../lib/gcc/arm-none-eabi/7.2.1/../../../../arm-none-eabi/lib/thumb/v6-m/crt0.o
LOAD ./bld/aes.o
LOAD ./bld/cr_startup_lpc11xx.o
LOAD ./bld/main.o
LOAD ./bld/sysinit.o
LOAD ./bld/utils.o
LOAD ../lpcopen/bld/liblpcopen.a
LOAD /Developer/arm/gcc-arm-none-eabi/bin/../lib/gcc/arm-none-eabi/7.2.1/thumb/v6-m/libgcc.a
LOAD /Developer/arm/gcc-arm-none-eabi/bin/../lib/gcc/arm-none-eabi/7.2.1/../../../../arm-none-eabi/lib/thumb/v6-m/libc.a
START GROUP
LOAD /Developer/arm/gcc-arm-none-eabi/bin/../lib/gcc/arm-none-eabi/7.2.1/thumb/v6-m/libgcc.a
LOAD /Developer/arm/gcc-arm-none-eabi/bin/../lib/gcc/arm-none-eabi/7.2.1/../../../../arm-none-eabi/lib/thumb/v6-m/libg.a
LOAD /Developer/arm/gcc-arm-none-eabi/bin/../lib/gcc/arm-none-eabi/7.2.1/../../../../arm-none-eabi/lib/thumb/v6-m/libc.a
END GROUP
START GROUP
LOAD /Developer/arm/gcc-arm-none-eabi/bin/../lib/gcc/arm-none-eabi/7.2.1/thumb/v6-m/libgcc.a
LOAD /Developer/arm/gcc-arm-none-eabi/bin/../lib/gcc/arm-none-eabi/7.2.1/../../../../arm-none-eabi/lib/thumb/v6-m/libc.a
LOAD /Developer/arm/gcc-arm-none-eabi/bin/../lib/gcc/arm-none-eabi/7.2.1/../../../../arm-none-eabi/lib/thumb/v6-m/libnosys.a
END GROUP
LOAD /Developer/arm/gcc-arm-none-eabi/bin/../lib/gcc/arm-none-eabi/7.2.1/thumb/v6-m/crtend.o
LOAD /Developer/arm/gcc-arm-none-eabi/bin/../lib/gcc/arm-none-eabi/7.2.1/thumb/v6-m/crtn.o
                0x0000000000000000                __base_MFlash32 = 0x0
                0x0000000000000000                __base_Flash = 0x0
                0x0000000000008000                __top_MFlash32 = 0x8000
                0x0000000000008000                __top_Flash = 0x8000
                0x0000000010000000                __base_RamLoc4 = 0x10000000
                0x0000000010000000                __base_RAM = 0x10000000
                0x0000000010001000                __top_RamLoc4 = 0x10001000
                0x0000000010001000                __top_RAM = 0x10001000

.text           0x0000000000000000     0x7c10
 FILL mask 0xff
                0x0000000000000000                __vectors_start__ = ABSOLUTE (.)
 *(.isr_vector)
 .isr_vector    0x0000000000000000       0xc0 ./bld/cr_startup_lpc11xx.o
                0x0000000000000000                g_pfnVectors
                0x00000000000000c0                . = ALIGN (0x4)
                0x00000000000000c0                __section_table_start = .
                0x00000000000000c0                __data_section_table = .
                0x00000000000000c0        0x4 LONG 0x7c20 LOADADDR (.data)
                0x00000000000000c4        0x4 LONG 0x10000000 ADDR (.data)
                0x00000000000000c8        0x4 LONG 0x9cc SIZEOF (.data)
                0x00000000000000cc                __data_section_table_end = .
                0x00000000000000cc                __bss_section_table = .
                0x00000000000000cc        0x4 LONG 0x100009cc ADDR (.bss)
                0x00000000000000d0        0x4 LONG 0x64 SIZEOF (.bss)
                0x00000000000000d4                __bss_section_table_end = .
                0x00000000000000d4                __section_table_end = .
 *(.after_vectors*)
 .after_vectors
                0x00000000000000d4       0x9c ./bld/cr_startup_lpc11xx.o
                0x00000000000000d4                NMI_Handler
                0x00000000000000d6                HardFault_Handler
                0x00000000000000d8                SVC_Handler
                0x00000000000000da                PendSV_Handler
                0x00000000000000dc                SysTick_Handler
                0x00000000000000de                CAN_IRQHandler
                0x00000000000000de                SSP0_IRQHandler
                0x00000000000000de                TIMER16_0_IRQHandler
                0x00000000000000de                TIMER32_0_IRQHandler
                0x00000000000000de                TIMER32_1_IRQHandler
                0x00000000000000de                IntDefaultHandler
                0x00000000000000de                PIOINT1_IRQHandler
                0x00000000000000de                I2C_IRQHandler
                0x00000000000000de                WDT_IRQHandler
                0x00000000000000de                PIOINT3_IRQHandler
                0x00000000000000de                TIMER16_1_IRQHandler
                0x00000000000000de                ADC_IRQHandler
                0x00000000000000de                SSP1_IRQHandler
                0x00000000000000de                PIOINT2_IRQHandler
                0x00000000000000de                BOD_IRQHandler
                0x00000000000000de                WAKEUP_IRQHandler
                0x00000000000000de                PIOINT0_IRQHandler
                0x00000000000000e0                data_init
                0x00000000000000fa                bss_init
                0x0000000000000112                ResetISR
 *(.text*)
 .text.AddRoundKey
                0x0000000000000170       0x24 ./bld/aes.o
 .text.xtime    0x0000000000000194       0x12 ./bld/aes.o
 *fill*         0x00000000000001a6        0x2 ff
 .text.AES_init_ctx
                0x00000000000001a8       0x94 ./bld/aes.o
                0x00000000000001a8                AES_init_ctx
 .text.AES_ECB_encrypt
                0x000000000000023c      0x174 ./bld/aes.o
                0x000000000000023c                AES_ECB_encrypt
 .text.AES_ECB_decrypt
                0x00000000000003b0      0x218 ./bld/aes.o
                0x00000000000003b0                AES_ECB_decrypt
 .text.main     0x00000000000005c8       0xfc ./bld/main.o
                0x00000000000005c8                main
 .text.SystemInit
                0x00000000000006c4        0x8 ./bld/sysinit.o
                0x00000000000006c4                SystemInit
 .text.uart_init
                0x00000000000006cc       0x38 ./bld/utils.o
                0x00000000000006cc                uart_init
 .text.UART_IRQHandler
                0x0000000000000704        0xc ./bld/utils.o
                0x0000000000000704                UART_IRQHandler
 .text._write   0x0000000000000710       0x14 ./bld/utils.o
                0x0000000000000710                _write
 .text.SystemCoreClockUpdate
                0x0000000000000724       0x10 ../lpcopen/bld/liblpcopen.a(chip_11xx.o)
                0x0000000000000724                SystemCoreClockUpdate
 .text.Chip_Clock_SetSystemPLLSource
                0x0000000000000734       0x14 ../lpcopen/bld/liblpcopen.a(clock_11xx.o)
                0x0000000000000734                Chip_Clock_SetSystemPLLSource
 .text.Chip_Clock_SetMainClockSource
                0x0000000000000748       0x14 ../lpcopen/bld/liblpcopen.a(clock_11xx.o)
                0x0000000000000748                Chip_Clock_SetMainClockSource
 .text.Chip_Clock_GetWDTOSCRate
                0x000000000000075c       0x28 ../lpcopen/bld/liblpcopen.a(clock_11xx.o)
                0x000000000000075c                Chip_Clock_GetWDTOSCRate
 .text.Chip_Clock_GetSystemPLLInClockRate
                0x0000000000000784       0x28 ../lpcopen/bld/liblpcopen.a(clock_11xx.o)
                0x0000000000000784                Chip_Clock_GetSystemPLLInClockRate
 .text.Chip_Clock_GetSystemPLLOutClockRate
                0x00000000000007ac       0x18 ../lpcopen/bld/liblpcopen.a(clock_11xx.o)
                0x00000000000007ac                Chip_Clock_GetSystemPLLOutClockRate
 .text.Chip_Clock_GetMainClockRate
                0x00000000000007c4       0x40 ../lpcopen/bld/liblpcopen.a(clock_11xx.o)
                0x00000000000007c4                Chip_Clock_GetMainClockRate
 .text.Chip_Clock_GetSystemClockRate
                0x0000000000000804       0x14 ../lpcopen/bld/liblpcopen.a(clock_11xx.o)
                0x0000000000000804                Chip_Clock_GetSystemClockRate
 .text.Chip_GPIO_Init
                0x0000000000000818       0x14 ../lpcopen/bld/liblpcopen.a(gpio_11xx_2.o)
                0x0000000000000818                Chip_GPIO_Init
 .text.Chip_SystemInit
                0x000000000000082c       0x60 ../lpcopen/bld/liblpcopen.a(sysinit_11xx.o)
                0x000000000000082c                Chip_SystemInit
 .text.Chip_UART_Init
                0x000000000000088c       0x28 ../lpcopen/bld/liblpcopen.a(uart_11xx.o)
                0x000000000000088c                Chip_UART_Init
 .text.Chip_UART_Send
                0x00000000000008b4       0x2c ../lpcopen/bld/liblpcopen.a(uart_11xx.o)
                0x00000000000008b4                Chip_UART_Send
 .text.Chip_UART_SendBlocking
                0x00000000000008e0       0x28 ../lpcopen/bld/liblpcopen.a(uart_11xx.o)
                0x00000000000008e0                Chip_UART_SendBlocking
 .text.Chip_UART_SetBaud
                0x0000000000000908       0x38 ../lpcopen/bld/liblpcopen.a(uart_11xx.o)
                0x0000000000000908                Chip_UART_SetBaud
 .text.Chip_SYSCTL_PowerDown
                0x0000000000000940       0x1c ../lpcopen/bld/liblpcopen.a(sysctl_11xx.o)
                0x0000000000000940                Chip_SYSCTL_PowerDown
 .text.Chip_SYSCTL_PowerUp
                0x000000000000095c       0x20 ../lpcopen/bld/liblpcopen.a(sysctl_11xx.o)
                0x000000000000095c                Chip_SYSCTL_PowerUp
 .text          0x000000000000097c      0x114 /Developer/arm/gcc-arm-none-eabi/bin/../lib/gcc/arm-none-eabi/7.2.1/thumb/v6-m/libgcc.a(_udivsi3.o)
                0x000000000000097c                __udivsi3
                0x000000000000097c                __aeabi_uidiv
                0x0000000000000a88                __aeabi_uidivmod
 .text          0x0000000000000a90        0x4 /Developer/arm/gcc-arm-none-eabi/bin/../lib/gcc/arm-none-eabi/7.2.1/thumb/v6-m/libgcc.a(_dvmd_tls.o)
                0x0000000000000a90                __aeabi_ldiv0
                0x0000000000000a90                __aeabi_idiv0
 .text.memcpy   0x0000000000000a94       0x88 /Developer/arm/gcc-arm-none-eabi/bin/../lib/gcc/arm-none-eabi/7.2.1/../../../../arm-none-eabi/lib/thumb/v6-m/libc.a(lib_a-memcpy-stub.o)
                0x0000000000000a94                memcpy
 .text.memset   0x0000000000000b1c       0x9c /Developer/arm/gcc-arm-none-eabi/bin/../lib/gcc/arm-none-eabi/7.2.1/../../../../arm-none-eabi/lib/thumb/v6-m/libc.a(lib_a-memset.o)
                0x0000000000000b1c                memset
 .text.printf   0x0000000000000bb8       0x24 /Developer/arm/gcc-arm-none-eabi/bin/../lib/gcc/arm-none-eabi/7.2.1/../../../../arm-none-eabi/lib/thumb/v6-m/libc.a(lib_a-printf.o)
                0x0000000000000bb8                printf
 .text._vfprintf_r
                0x0000000000000bdc     0x167c /Developer/arm/gcc-arm-none-eabi/bin/../lib/gcc/arm-none-eabi/7.2.1/../../../../arm-none-eabi/lib/thumb/v6-m/libc.a(lib_a-vfprintf.o)
                0x0000000000000bdc                _vfprintf_r
 .text.__sbprintf
                0x0000000000002258       0x88 /Developer/arm/gcc-arm-none-eabi/bin/../lib/gcc/arm-none-eabi/7.2.1/../../../../arm-none-eabi/lib/thumb/v6-m/libc.a(lib_a-vfprintf.o)
 .text.__swsetup_r
                0x00000000000022e0       0xd4 /Developer/arm/gcc-arm-none-eabi/bin/../lib/gcc/arm-none-eabi/7.2.1/../../../../arm-none-eabi/lib/thumb/v6-m/libc.a(lib_a-wsetup.o)
                0x00000000000022e0                __swsetup_r
 .text.quorem   0x00000000000023b4      0x154 /Developer/arm/gcc-arm-none-eabi/bin/../lib/gcc/arm-none-eabi/7.2.1/../../../../arm-none-eabi/lib/thumb/v6-m/libc.a(lib_a-dtoa.o)
 .text._dtoa_r  0x0000000000002508      0xf54 /Developer/arm/gcc-arm-none-eabi/bin/../lib/gcc/arm-none-eabi/7.2.1/../../../../arm-none-eabi/lib/thumb/v6-m/libc.a(lib_a-dtoa.o)
                0x0000000000002508                _dtoa_r
 .text.__sflush_r
                0x000000000000345c      0x150 /Developer/arm/gcc-arm-none-eabi/bin/../lib/gcc/arm-none-eabi/7.2.1/../../../../arm-none-eabi/lib/thumb/v6-m/libc.a(lib_a-fflush.o)
                0x000000000000345c                __sflush_r
 .text._fflush_r
                0x00000000000035ac       0x54 /Developer/arm/gcc-arm-none-eabi/bin/../lib/gcc/arm-none-eabi/7.2.1/../../../../arm-none-eabi/lib/thumb/v6-m/libc.a(lib_a-fflush.o)
                0x00000000000035ac                _fflush_r
 .text.std      0x0000000000003600       0x50 /Developer/arm/gcc-arm-none-eabi/bin/../lib/gcc/arm-none-eabi/7.2.1/../../../../arm-none-eabi/lib/thumb/v6-m/libc.a(lib_a-findfp.o)
 .text._cleanup_r
                0x0000000000003650       0x10 /Developer/arm/gcc-arm-none-eabi/bin/../lib/gcc/arm-none-eabi/7.2.1/../../../../arm-none-eabi/lib/thumb/v6-m/libc.a(lib_a-findfp.o)
                0x0000000000003650                _cleanup_r
 .text.__sinit  0x0000000000003660       0x60 /Developer/arm/gcc-arm-none-eabi/bin/../lib/gcc/arm-none-eabi/7.2.1/../../../../arm-none-eabi/lib/thumb/v6-m/libc.a(lib_a-findfp.o)
                0x0000000000003660                __sinit
 .text.__sfp_lock_acquire
                0x00000000000036c0       0x10 /Developer/arm/gcc-arm-none-eabi/bin/../lib/gcc/arm-none-eabi/7.2.1/../../../../arm-none-eabi/lib/thumb/v6-m/libc.a(lib_a-findfp.o)
                0x00000000000036c0                __sfp_lock_acquire
 .text.__sfp_lock_release
                0x00000000000036d0       0x10 /Developer/arm/gcc-arm-none-eabi/bin/../lib/gcc/arm-none-eabi/7.2.1/../../../../arm-none-eabi/lib/thumb/v6-m/libc.a(lib_a-findfp.o)
                0x00000000000036d0                __sfp_lock_release
 .text._malloc_trim_r
                0x00000000000036e0       0xa0 /Developer/arm/gcc-arm-none-eabi/bin/../lib/gcc/arm-none-eabi/7.2.1/../../../../arm-none-eabi/lib/thumb/v6-m/libc.a(lib_a-freer.o)
                0x00000000000036e0                _malloc_trim_r
 .text._free_r  0x0000000000003780      0x1d4 /Developer/arm/gcc-arm-none-eabi/bin/../lib/gcc/arm-none-eabi/7.2.1/../../../../arm-none-eabi/lib/thumb/v6-m/libc.a(lib_a-freer.o)
                0x0000000000003780                _free_r
 .text._fwalk_reent
                0x0000000000003954       0x4c /Developer/arm/gcc-arm-none-eabi/bin/../lib/gcc/arm-none-eabi/7.2.1/../../../../arm-none-eabi/lib/thumb/v6-m/libc.a(lib_a-fwalk.o)
                0x0000000000003954                _fwalk_reent
 .text._localeconv_r
                0x00000000000039a0       0x18 /Developer/arm/gcc-arm-none-eabi/bin/../lib/gcc/arm-none-eabi/7.2.1/../../../../arm-none-eabi/lib/thumb/v6-m/libc.a(lib_a-localeconv.o)
                0x00000000000039a0                _localeconv_r
 .text.__retarget_lock_init_recursive
                0x00000000000039b8        0x4 /Developer/arm/gcc-arm-none-eabi/bin/../lib/gcc/arm-none-eabi/7.2.1/../../../../arm-none-eabi/lib/thumb/v6-m/libc.a(lib_a-lock.o)
                0x00000000000039b8                __retarget_lock_init_recursive
 .text.__retarget_lock_close_recursive
                0x00000000000039bc        0x4 /Developer/arm/gcc-arm-none-eabi/bin/../lib/gcc/arm-none-eabi/7.2.1/../../../../arm-none-eabi/lib/thumb/v6-m/libc.a(lib_a-lock.o)
                0x00000000000039bc                __retarget_lock_close_recursive
 .text.__retarget_lock_acquire_recursive
                0x00000000000039c0        0x4 /Developer/arm/gcc-arm-none-eabi/bin/../lib/gcc/arm-none-eabi/7.2.1/../../../../arm-none-eabi/lib/thumb/v6-m/libc.a(lib_a-lock.o)
                0x00000000000039c0                __retarget_lock_acquire_recursive
 .text.__retarget_lock_release_recursive
                0x00000000000039c4        0x4 /Developer/arm/gcc-arm-none-eabi/bin/../lib/gcc/arm-none-eabi/7.2.1/../../../../arm-none-eabi/lib/thumb/v6-m/libc.a(lib_a-lock.o)
                0x00000000000039c4                __retarget_lock_release_recursive
 .text.__swhatbuf_r
                0x00000000000039c8       0x60 /Developer/arm/gcc-arm-none-eabi/bin/../lib/gcc/arm-none-eabi/7.2.1/../../../../arm-none-eabi/lib/thumb/v6-m/libc.a(lib_a-makebuf.o)
                0x00000000000039c8                __swhatbuf_r
 .text.__smakebuf_r
                0x0000000000003a28       0x90 /Developer/arm/gcc-arm-none-eabi/bin/../lib/gcc/arm-none-eabi/7.2.1/../../../../arm-none-eabi/lib/thumb/v6-m/libc.a(lib_a-makebuf.o)
                0x0000000000003a28                __smakebuf_r
 .text._malloc_r
                0x0000000000003ab8      0x554 /Developer/arm/gcc-arm-none-eabi/bin/../lib/gcc/arm-none-eabi/7.2.1/../../../../arm-none-eabi/lib/thumb/v6-m/libc.a(lib_a-mallocr.o)
                0x0000000000003ab8                _malloc_r
 .text.memchr   0x000000000000400c       0x80 /Developer/arm/gcc-arm-none-eabi/bin/../lib/gcc/arm-none-eabi/7.2.1/../../../../arm-none-eabi/lib/thumb/v6-m/libc.a(lib_a-memchr-stub.o)
                0x000000000000400c                memchr
 .text.__malloc_lock
                0x000000000000408c       0x10 /Developer/arm/gcc-arm-none-eabi/bin/../lib/gcc/arm-none-eabi/7.2.1/../../../../arm-none-eabi/lib/thumb/v6-m/libc.a(lib_a-mlock.o)
                0x000000000000408c                __malloc_lock
 .text.__malloc_unlock
                0x000000000000409c       0x10 /Developer/arm/gcc-arm-none-eabi/bin/../lib/gcc/arm-none-eabi/7.2.1/../../../../arm-none-eabi/lib/thumb/v6-m/libc.a(lib_a-mlock.o)
                0x000000000000409c                __malloc_unlock
 .text._Balloc  0x00000000000040ac       0x50 /Developer/arm/gcc-arm-none-eabi/bin/../lib/gcc/arm-none-eabi/7.2.1/../../../../arm-none-eabi/lib/thumb/v6-m/libc.a(lib_a-mprec.o)
                0x00000000000040ac                _Balloc
 .text._Bfree   0x00000000000040fc       0x14 /Developer/arm/gcc-arm-none-eabi/bin/../lib/gcc/arm-none-eabi/7.2.1/../../../../arm-none-eabi/lib/thumb/v6-m/libc.a(lib_a-mprec.o)
                0x00000000000040fc                _Bfree
 .text.__multadd
                0x0000000000004110       0x8c /Developer/arm/gcc-arm-none-eabi/bin/../lib/gcc/arm-none-eabi/7.2.1/../../../../arm-none-eabi/lib/thumb/v6-m/libc.a(lib_a-mprec.o)
                0x0000000000004110                __multadd
 .text.__hi0bits
                0x000000000000419c       0x38 /Developer/arm/gcc-arm-none-eabi/bin/../lib/gcc/arm-none-eabi/7.2.1/../../../../arm-none-eabi/lib/thumb/v6-m/libc.a(lib_a-mprec.o)
                0x000000000000419c                __hi0bits
 .text.__lo0bits
                0x00000000000041d4       0x5c /Developer/arm/gcc-arm-none-eabi/bin/../lib/gcc/arm-none-eabi/7.2.1/../../../../arm-none-eabi/lib/thumb/v6-m/libc.a(lib_a-mprec.o)
                0x00000000000041d4                __lo0bits
 .text.__i2b    0x0000000000004230       0x14 /Developer/arm/gcc-arm-none-eabi/bin/../lib/gcc/arm-none-eabi/7.2.1/../../../../arm-none-eabi/lib/thumb/v6-m/libc.a(lib_a-mprec.o)
                0x0000000000004230                __i2b
 .text.__multiply
                0x0000000000004244      0x178 /Developer/arm/gcc-arm-none-eabi/bin/../lib/gcc/arm-none-eabi/7.2.1/../../../../arm-none-eabi/lib/thumb/v6-m/libc.a(lib_a-mprec.o)
                0x0000000000004244                __multiply
 .text.__pow5mult
                0x00000000000043bc       0xc0 /Developer/arm/gcc-arm-none-eabi/bin/../lib/gcc/arm-none-eabi/7.2.1/../../../../arm-none-eabi/lib/thumb/v6-m/libc.a(lib_a-mprec.o)
                0x00000000000043bc                __pow5mult
 .text.__lshift
                0x000000000000447c       0xc8 /Developer/arm/gcc-arm-none-eabi/bin/../lib/gcc/arm-none-eabi/7.2.1/../../../../arm-none-eabi/lib/thumb/v6-m/libc.a(lib_a-mprec.o)
                0x000000000000447c                __lshift
 .text.__mcmp   0x0000000000004544       0x34 /Developer/arm/gcc-arm-none-eabi/bin/../lib/gcc/arm-none-eabi/7.2.1/../../../../arm-none-eabi/lib/thumb/v6-m/libc.a(lib_a-mprec.o)
                0x0000000000004544                __mcmp
 .text.__mdiff  0x0000000000004578      0x124 /Developer/arm/gcc-arm-none-eabi/bin/../lib/gcc/arm-none-eabi/7.2.1/../../../../arm-none-eabi/lib/thumb/v6-m/libc.a(lib_a-mprec.o)
                0x0000000000004578                __mdiff
 .text.__d2b    0x000000000000469c       0xbc /Developer/arm/gcc-arm-none-eabi/bin/../lib/gcc/arm-none-eabi/7.2.1/../../../../arm-none-eabi/lib/thumb/v6-m/libc.a(lib_a-mprec.o)
                0x000000000000469c                __d2b
 .text._sbrk_r  0x0000000000004758       0x24 /Developer/arm/gcc-arm-none-eabi/bin/../lib/gcc/arm-none-eabi/7.2.1/../../../../arm-none-eabi/lib/thumb/v6-m/libc.a(lib_a-sbrkr.o)
                0x0000000000004758                _sbrk_r
 .text.__sread  0x000000000000477c       0x28 /Developer/arm/gcc-arm-none-eabi/bin/../lib/gcc/arm-none-eabi/7.2.1/../../../../arm-none-eabi/lib/thumb/v6-m/libc.a(lib_a-stdio.o)
                0x000000000000477c                __sread
 .text.__swrite
                0x00000000000047a4       0x3c /Developer/arm/gcc-arm-none-eabi/bin/../lib/gcc/arm-none-eabi/7.2.1/../../../../arm-none-eabi/lib/thumb/v6-m/libc.a(lib_a-stdio.o)
                0x00000000000047a4                __swrite
 .text.__sseek  0x00000000000047e0       0x2c /Developer/arm/gcc-arm-none-eabi/bin/../lib/gcc/arm-none-eabi/7.2.1/../../../../arm-none-eabi/lib/thumb/v6-m/libc.a(lib_a-stdio.o)
                0x00000000000047e0                __sseek
 .text.__sclose
                0x000000000000480c        0xc /Developer/arm/gcc-arm-none-eabi/bin/../lib/gcc/arm-none-eabi/7.2.1/../../../../arm-none-eabi/lib/thumb/v6-m/libc.a(lib_a-stdio.o)
                0x000000000000480c                __sclose
 .text.strlen   0x0000000000004818       0x64 /Developer/arm/gcc-arm-none-eabi/bin/../lib/gcc/arm-none-eabi/7.2.1/../../../../arm-none-eabi/lib/thumb/v6-m/libc.a(lib_a-strlen-stub.o)
                0x0000000000004818                strlen
 .text.__sprint_r.part.0
                0x000000000000487c       0x80 /Developer/arm/gcc-arm-none-eabi/bin/../lib/gcc/arm-none-eabi/7.2.1/../../../../arm-none-eabi/lib/thumb/v6-m/libc.a(lib_a-vfiprintf.o)
 .text.__sprint_r
                0x00000000000048fc       0x14 /Developer/arm/gcc-arm-none-eabi/bin/../lib/gcc/arm-none-eabi/7.2.1/../../../../arm-none-eabi/lib/thumb/v6-m/libc.a(lib_a-vfiprintf.o)
                0x00000000000048fc                __sprint_r
 .text._write_r
                0x0000000000004910       0x28 /Developer/arm/gcc-arm-none-eabi/bin/../lib/gcc/arm-none-eabi/7.2.1/../../../../arm-none-eabi/lib/thumb/v6-m/libc.a(lib_a-writer.o)
                0x0000000000004910                _write_r
 .text._calloc_r
                0x0000000000004938       0x58 /Developer/arm/gcc-arm-none-eabi/bin/../lib/gcc/arm-none-eabi/7.2.1/../../../../arm-none-eabi/lib/thumb/v6-m/libc.a(lib_a-callocr.o)
                0x0000000000004938                _calloc_r
 .text._close_r
                0x0000000000004990       0x24 /Developer/arm/gcc-arm-none-eabi/bin/../lib/gcc/arm-none-eabi/7.2.1/../../../../arm-none-eabi/lib/thumb/v6-m/libc.a(lib_a-closer.o)
                0x0000000000004990                _close_r
 .text._fclose_r
                0x00000000000049b4       0xd8 /Developer/arm/gcc-arm-none-eabi/bin/../lib/gcc/arm-none-eabi/7.2.1/../../../../arm-none-eabi/lib/thumb/v6-m/libc.a(lib_a-fclose.o)
                0x00000000000049b4                _fclose_r
 .text.__fputwc
                0x0000000000004a8c       0x94 /Developer/arm/gcc-arm-none-eabi/bin/../lib/gcc/arm-none-eabi/7.2.1/../../../../arm-none-eabi/lib/thumb/v6-m/libc.a(lib_a-fputwc.o)
                0x0000000000004a8c                __fputwc
 .text._fputwc_r
                0x0000000000004b20       0x5c /Developer/arm/gcc-arm-none-eabi/bin/../lib/gcc/arm-none-eabi/7.2.1/../../../../arm-none-eabi/lib/thumb/v6-m/libc.a(lib_a-fputwc.o)
                0x0000000000004b20                _fputwc_r
 .text._fstat_r
                0x0000000000004b7c       0x28 /Developer/arm/gcc-arm-none-eabi/bin/../lib/gcc/arm-none-eabi/7.2.1/../../../../arm-none-eabi/lib/thumb/v6-m/libc.a(lib_a-fstatr.o)
                0x0000000000004b7c                _fstat_r
 .text.__sfvwrite_r
                0x0000000000004ba4      0x2fc /Developer/arm/gcc-arm-none-eabi/bin/../lib/gcc/arm-none-eabi/7.2.1/../../../../arm-none-eabi/lib/thumb/v6-m/libc.a(lib_a-fvwrite.o)
                0x0000000000004ba4                __sfvwrite_r
 .text._isatty_r
                0x0000000000004ea0       0x24 /Developer/arm/gcc-arm-none-eabi/bin/../lib/gcc/arm-none-eabi/7.2.1/../../../../arm-none-eabi/lib/thumb/v6-m/libc.a(lib_a-isattyr.o)
                0x0000000000004ea0                _isatty_r
 .text.__locale_mb_cur_max
                0x0000000000004ec4       0x1c /Developer/arm/gcc-arm-none-eabi/bin/../lib/gcc/arm-none-eabi/7.2.1/../../../../arm-none-eabi/lib/thumb/v6-m/libc.a(lib_a-locale.o)
                0x0000000000004ec4                __locale_mb_cur_max
 .text._lseek_r
                0x0000000000004ee0       0x28 /Developer/arm/gcc-arm-none-eabi/bin/../lib/gcc/arm-none-eabi/7.2.1/../../../../arm-none-eabi/lib/thumb/v6-m/libc.a(lib_a-lseekr.o)
                0x0000000000004ee0                _lseek_r
 .text.__ascii_mbtowc
                0x0000000000004f08       0x2c /Developer/arm/gcc-arm-none-eabi/bin/../lib/gcc/arm-none-eabi/7.2.1/../../../../arm-none-eabi/lib/thumb/v6-m/libc.a(lib_a-mbtowc_r.o)
                0x0000000000004f08                __ascii_mbtowc
 .text.memmove  0x0000000000004f34       0x9c /Developer/arm/gcc-arm-none-eabi/bin/../lib/gcc/arm-none-eabi/7.2.1/../../../../arm-none-eabi/lib/thumb/v6-m/libc.a(lib_a-memmove.o)
                0x0000000000004f34                memmove
 .text._read_r  0x0000000000004fd0       0x28 /Developer/arm/gcc-arm-none-eabi/bin/../lib/gcc/arm-none-eabi/7.2.1/../../../../arm-none-eabi/lib/thumb/v6-m/libc.a(lib_a-readr.o)
                0x0000000000004fd0                _read_r
 .text._realloc_r
                0x0000000000004ff8      0x3b0 /Developer/arm/gcc-arm-none-eabi/bin/../lib/gcc/arm-none-eabi/7.2.1/../../../../arm-none-eabi/lib/thumb/v6-m/libc.a(lib_a-reallocr.o)
                0x0000000000004ff8                _realloc_r
 .text.__swbuf_r
                0x00000000000053a8       0xc8 /Developer/arm/gcc-arm-none-eabi/bin/../lib/gcc/arm-none-eabi/7.2.1/../../../../arm-none-eabi/lib/thumb/v6-m/libc.a(lib_a-wbuf.o)
                0x00000000000053a8                __swbuf_r
 .text._wcrtomb_r
                0x0000000000005470       0x58 /Developer/arm/gcc-arm-none-eabi/bin/../lib/gcc/arm-none-eabi/7.2.1/../../../../arm-none-eabi/lib/thumb/v6-m/libc.a(lib_a-wcrtomb.o)
                0x0000000000005470                _wcrtomb_r
 .text.__ascii_wctomb
                0x00000000000054c8       0x1c /Developer/arm/gcc-arm-none-eabi/bin/../lib/gcc/arm-none-eabi/7.2.1/../../../../arm-none-eabi/lib/thumb/v6-m/libc.a(lib_a-wctomb_r.o)
                0x00000000000054c8                __ascii_wctomb
 .text          0x00000000000054e4      0x1d4 /Developer/arm/gcc-arm-none-eabi/bin/../lib/gcc/arm-none-eabi/7.2.1/thumb/v6-m/libgcc.a(_divsi3.o)
                0x00000000000054e4                __aeabi_idiv
                0x00000000000054e4                __divsi3
                0x00000000000056b0                __aeabi_idivmod
 .text          0x00000000000056b8       0x7c /Developer/arm/gcc-arm-none-eabi/bin/../lib/gcc/arm-none-eabi/7.2.1/thumb/v6-m/libgcc.a(_arm_cmpdf2.o)
                0x00000000000056b8                __aeabi_cdrcmple
                0x00000000000056c8                __aeabi_cdcmple
                0x00000000000056c8                __aeabi_cdcmpeq
                0x00000000000056d8                __aeabi_dcmpeq
                0x00000000000056e4                __aeabi_dcmplt
                0x00000000000056f8                __aeabi_dcmple
                0x000000000000570c                __aeabi_dcmpgt
                0x0000000000005720                __aeabi_dcmpge
 .text          0x0000000000005734       0x40 /Developer/arm/gcc-arm-none-eabi/bin/../lib/gcc/arm-none-eabi/7.2.1/thumb/v6-m/libgcc.a(_aeabi_uldivmod.o)
                0x0000000000005734                __aeabi_uldivmod
 .text          0x0000000000005774      0x184 /Developer/arm/gcc-arm-none-eabi/bin/../lib/gcc/arm-none-eabi/7.2.1/thumb/v6-m/libgcc.a(_udivmoddi4.o)
                0x0000000000005774                __udivmoddi4
 .text          0x00000000000058f8      0x638 /Developer/arm/gcc-arm-none-eabi/bin/../lib/gcc/arm-none-eabi/7.2.1/thumb/v6-m/libgcc.a(adddf3.o)
                0x00000000000058f8                __aeabi_dadd
 .text          0x0000000000005f30      0x604 /Developer/arm/gcc-arm-none-eabi/bin/../lib/gcc/arm-none-eabi/7.2.1/thumb/v6-m/libgcc.a(divdf3.o)
                0x0000000000005f30                __aeabi_ddiv
 .text          0x0000000000006534       0x78 /Developer/arm/gcc-arm-none-eabi/bin/../lib/gcc/arm-none-eabi/7.2.1/thumb/v6-m/libgcc.a(eqdf2.o)
                0x0000000000006534                __eqdf2
                0x0000000000006534                __nedf2
 .text          0x00000000000065ac       0xc8 /Developer/arm/gcc-arm-none-eabi/bin/../lib/gcc/arm-none-eabi/7.2.1/thumb/v6-m/libgcc.a(gedf2.o)
                0x00000000000065ac                __gtdf2
                0x00000000000065ac                __gedf2
 .text          0x0000000000006674       0xd0 /Developer/arm/gcc-arm-none-eabi/bin/../lib/gcc/arm-none-eabi/7.2.1/thumb/v6-m/libgcc.a(ledf2.o)
                0x0000000000006674                __ltdf2
                0x0000000000006674                __ledf2
 .text          0x0000000000006744      0x4e4 /Developer/arm/gcc-arm-none-eabi/bin/../lib/gcc/arm-none-eabi/7.2.1/thumb/v6-m/libgcc.a(muldf3.o)
                0x0000000000006744                __aeabi_dmul
 .text          0x0000000000006c28      0x690 /Developer/arm/gcc-arm-none-eabi/bin/../lib/gcc/arm-none-eabi/7.2.1/thumb/v6-m/libgcc.a(subdf3.o)
                0x0000000000006c28                __aeabi_dsub
 .text          0x00000000000072b8       0x38 /Developer/arm/gcc-arm-none-eabi/bin/../lib/gcc/arm-none-eabi/7.2.1/thumb/v6-m/libgcc.a(unorddf2.o)
                0x00000000000072b8                __aeabi_dcmpun
 .text          0x00000000000072f0       0x6c /Developer/arm/gcc-arm-none-eabi/bin/../lib/gcc/arm-none-eabi/7.2.1/thumb/v6-m/libgcc.a(fixdfsi.o)
                0x00000000000072f0                __aeabi_d2iz
 .text          0x000000000000735c       0x74 /Developer/arm/gcc-arm-none-eabi/bin/../lib/gcc/arm-none-eabi/7.2.1/thumb/v6-m/libgcc.a(floatsidf.o)
                0x000000000000735c                __aeabi_i2d
 .text          0x00000000000073d0       0x64 /Developer/arm/gcc-arm-none-eabi/bin/../lib/gcc/arm-none-eabi/7.2.1/thumb/v6-m/libgcc.a(floatunsidf.o)
                0x00000000000073d0                __aeabi_ui2d
 .text          0x0000000000007434       0x3c /Developer/arm/gcc-arm-none-eabi/bin/../lib/gcc/arm-none-eabi/7.2.1/thumb/v6-m/libgcc.a(_clzsi2.o)
                0x0000000000007434                __clzsi2
 .text          0x0000000000007470       0x18 /Developer/arm/gcc-arm-none-eabi/bin/../lib/gcc/arm-none-eabi/7.2.1/thumb/v6-m/libgcc.a(_clzdi2.o)
                0x0000000000007470                __clzdi2
 .text._close   0x0000000000007488       0x10 /Developer/arm/gcc-arm-none-eabi/bin/../lib/gcc/arm-none-eabi/7.2.1/../../../../arm-none-eabi/lib/thumb/v6-m/libnosys.a(close.o)
                0x0000000000007488                _close
 .text._fstat   0x0000000000007498       0x10 /Developer/arm/gcc-arm-none-eabi/bin/../lib/gcc/arm-none-eabi/7.2.1/../../../../arm-none-eabi/lib/thumb/v6-m/libnosys.a(fstat.o)
                0x0000000000007498                _fstat
 .text._isatty  0x00000000000074a8       0x10 /Developer/arm/gcc-arm-none-eabi/bin/../lib/gcc/arm-none-eabi/7.2.1/../../../../arm-none-eabi/lib/thumb/v6-m/libnosys.a(isatty.o)
                0x00000000000074a8                _isatty
 .text._lseek   0x00000000000074b8       0x10 /Developer/arm/gcc-arm-none-eabi/bin/../lib/gcc/arm-none-eabi/7.2.1/../../../../arm-none-eabi/lib/thumb/v6-m/libnosys.a(lseek.o)
                0x00000000000074b8                _lseek
 .text._read    0x00000000000074c8       0x10 /Developer/arm/gcc-arm-none-eabi/bin/../lib/gcc/arm-none-eabi/7.2.1/../../../../arm-none-eabi/lib/thumb/v6-m/libnosys.a(read.o)
                0x00000000000074c8                _read
 .text._sbrk    0x00000000000074d8       0x1c /Developer/arm/gcc-arm-none-eabi/bin/../lib/gcc/arm-none-eabi/7.2.1/../../../../arm-none-eabi/lib/thumb/v6-m/libnosys.a(sbrk.o)
                0x00000000000074d8                _sbrk
 *(.rodata .rodata.* .constdata .constdata.*)
 .constdata     0x00000000000074f4      0x20c ./bld/aes.o
                0x00000000000074f4                Rcon
                0x0000000000007500                rsbox
                0x0000000000007600                sbox
 .rodata.main.str1.4
                0x0000000000007700       0x5d ./bld/main.o
 *fill*         0x000000000000775d        0x3 ff
 .rodata.wdtOSCRate
                0x0000000000007760       0x40 ../lpcopen/bld/liblpcopen.a(clock_11xx.o)
 .rodata.OscRateIn
                0x00000000000077a0        0x4 ../lpcopen/bld/liblpcopen.a(board.o)
                0x00000000000077a0                OscRateIn
 .rodata._vfprintf_r
                0x00000000000077a4      0x164 /Developer/arm/gcc-arm-none-eabi/bin/../lib/gcc/arm-none-eabi/7.2.1/../../../../arm-none-eabi/lib/thumb/v6-m/libc.a(lib_a-vfprintf.o)
 .rodata._vfprintf_r.str1.4
                0x0000000000007908       0x42 /Developer/arm/gcc-arm-none-eabi/bin/../lib/gcc/arm-none-eabi/7.2.1/../../../../arm-none-eabi/lib/thumb/v6-m/libc.a(lib_a-vfprintf.o)
 *fill*         0x000000000000794a        0x2 ff
 .rodata.blanks.7291
                0x000000000000794c       0x10 /Developer/arm/gcc-arm-none-eabi/bin/../lib/gcc/arm-none-eabi/7.2.1/../../../../arm-none-eabi/lib/thumb/v6-m/libc.a(lib_a-vfprintf.o)
 .rodata.zeroes.7292
                0x000000000000795c       0x10 /Developer/arm/gcc-arm-none-eabi/bin/../lib/gcc/arm-none-eabi/7.2.1/../../../../arm-none-eabi/lib/thumb/v6-m/libc.a(lib_a-vfprintf.o)
 .rodata._dtoa_r.str1.4
                0x000000000000796c       0x10 /Developer/arm/gcc-arm-none-eabi/bin/../lib/gcc/arm-none-eabi/7.2.1/../../../../arm-none-eabi/lib/thumb/v6-m/libc.a(lib_a-dtoa.o)
                                         0x12 (size before relaxing)
 *fill*         0x000000000000797c        0x4 ff
 .rodata.__mprec_bigtens
                0x0000000000007980       0x28 /Developer/arm/gcc-arm-none-eabi/bin/../lib/gcc/arm-none-eabi/7.2.1/../../../../arm-none-eabi/lib/thumb/v6-m/libc.a(lib_a-mprec.o)
                0x0000000000007980                __mprec_bigtens
 .rodata.__mprec_tens
                0x00000000000079a8       0xc8 /Developer/arm/gcc-arm-none-eabi/bin/../lib/gcc/arm-none-eabi/7.2.1/../../../../arm-none-eabi/lib/thumb/v6-m/libc.a(lib_a-mprec.o)
                0x00000000000079a8                __mprec_tens
 .rodata.p05.6092
                0x0000000000007a70        0xc /Developer/arm/gcc-arm-none-eabi/bin/../lib/gcc/arm-none-eabi/7.2.1/../../../../arm-none-eabi/lib/thumb/v6-m/libc.a(lib_a-mprec.o)
 .rodata._setlocale_r.str1.4
                0x0000000000007a7c        0xa /Developer/arm/gcc-arm-none-eabi/bin/../lib/gcc/arm-none-eabi/7.2.1/../../../../arm-none-eabi/lib/thumb/v6-m/libc.a(lib_a-locale.o)
                                          0xd (size before relaxing)
 *fill*         0x0000000000007a86        0x2 ff
 .rodata.str1.4
                0x0000000000007a88        0x4 /Developer/arm/gcc-arm-none-eabi/bin/../lib/gcc/arm-none-eabi/7.2.1/../../../../arm-none-eabi/lib/thumb/v6-m/libc.a(lib_a-locale.o)
                                          0x2 (size before relaxing)
 .rodata._ctype_
                0x0000000000007a8c      0x101 /Developer/arm/gcc-arm-none-eabi/bin/../lib/gcc/arm-none-eabi/7.2.1/../../../../arm-none-eabi/lib/thumb/v6-m/libc.a(lib_a-ctype_.o)
                0x0000000000007a8c                _ctype_
 *fill*         0x0000000000007b8d        0x3 ff
 .rodata        0x0000000000007b90       0x40 /Developer/arm/gcc-arm-none-eabi/bin/../lib/gcc/arm-none-eabi/7.2.1/thumb/v6-m/libgcc.a(divdf3.o)
 .rodata        0x0000000000007bd0       0x40 /Developer/arm/gcc-arm-none-eabi/bin/../lib/gcc/arm-none-eabi/7.2.1/thumb/v6-m/libgcc.a(muldf3.o)
                0x0000000000007c10                . = ALIGN (0x4)

.glue_7         0x0000000000007c10        0x0
 .glue_7        0x0000000000007c10        0x0 linker stubs

.glue_7t        0x0000000000007c10        0x0
 .glue_7t       0x0000000000007c10        0x0 linker stubs

.vfp11_veneer   0x0000000000007c10        0x0
 .vfp11_veneer  0x0000000000007c10        0x0 linker stubs

.v4_bx          0x0000000000007c10        0x0
 .v4_bx         0x0000000000007c10        0x0 linker stubs

.init           0x0000000000007c10        0x4
 .init          0x0000000000007c10        0x4 /Developer/arm/gcc-arm-none-eabi/bin/../lib/gcc/arm-none-eabi/7.2.1/thumb/v6-m/crti.o
                0x0000000000007c10                _init

.fini           0x0000000000007c14        0x4
 .fini          0x0000000000007c14        0x4 /Developer/arm/gcc-arm-none-eabi/bin/../lib/gcc/arm-none-eabi/7.2.1/thumb/v6-m/crti.o
                0x0000000000007c14                _fini

.iplt           0x0000000000007c18        0x0
 .iplt          0x0000000000007c18        0x0 ./bld/aes.o

.ARM.extab
 *(.ARM.extab* .gnu.linkonce.armextab.*)
                0x0000000000007c18                __exidx_start = .

.ARM.exidx      0x0000000000007c18        0x8
 *(.ARM.exidx* .gnu.linkonce.armexidx.*)
 .ARM.exidx     0x0000000000007c18        0x8 /Developer/arm/gcc-arm-none-eabi/bin/../lib/gcc/arm-none-eabi/7.2.1/thumb/v6-m/libgcc.a(_udivmoddi4.o)
                0x0000000000007c20                __exidx_end = .
                0x0000000000007c20                _etext = .

.rel.dyn        0x0000000000007c20        0x0
 .rel.iplt      0x0000000000007c20        0x0 ./bld/aes.o

.uninit_RESERVED
                0x0000000010000000        0x0
 *(.bss.$RESERVED*)
                0x0000000010000000                . = ALIGN (0x4)
                0x0000000010000000                _end_uninit_RESERVED = .

.data           0x0000000010000000      0x9cc load address 0x0000000000007c20
 FILL mask 0xff
                0x0000000010000000                _data = .
 *(vtable)
 *(.ramfunc*)
 *(.data*)
 .data.input_text
                0x0000000010000000       0x10 ./bld/main.o
                0x0000000010000000                input_text
 .data.key      0x0000000010000010       0x10 ./bld/main.o
                0x0000000010000010                key
 .data._impure_ptr
                0x0000000010000020        0x4 /Developer/arm/gcc-arm-none-eabi/bin/../lib/gcc/arm-none-eabi/7.2.1/../../../../arm-none-eabi/lib/thumb/v6-m/libc.a(lib_a-impure.o)
                0x0000000010000020                _impure_ptr
 *fill*         0x0000000010000024        0x4 ff
 .data.impure_data
                0x0000000010000028      0x428 /Developer/arm/gcc-arm-none-eabi/bin/../lib/gcc/arm-none-eabi/7.2.1/../../../../arm-none-eabi/lib/thumb/v6-m/libc.a(lib_a-impure.o)
 .data.__malloc_av_
                0x0000000010000450      0x408 /Developer/arm/gcc-arm-none-eabi/bin/../lib/gcc/arm-none-eabi/7.2.1/../../../../arm-none-eabi/lib/thumb/v6-m/libc.a(lib_a-mallocr.o)
                0x0000000010000450                __malloc_av_
 .data.__malloc_sbrk_base
                0x0000000010000858        0x4 /Developer/arm/gcc-arm-none-eabi/bin/../lib/gcc/arm-none-eabi/7.2.1/../../../../arm-none-eabi/lib/thumb/v6-m/libc.a(lib_a-mallocr.o)
                0x0000000010000858                __malloc_sbrk_base
 .data.__malloc_trim_threshold
                0x000000001000085c        0x4 /Developer/arm/gcc-arm-none-eabi/bin/../lib/gcc/arm-none-eabi/7.2.1/../../../../arm-none-eabi/lib/thumb/v6-m/libc.a(lib_a-mallocr.o)
                0x000000001000085c                __malloc_trim_threshold
 .data.__global_locale
                0x0000000010000860      0x16c /Developer/arm/gcc-arm-none-eabi/bin/../lib/gcc/arm-none-eabi/7.2.1/../../../../arm-none-eabi/lib/thumb/v6-m/libc.a(lib_a-locale.o)
                0x0000000010000860                __global_locale
                0x00000000100009cc                . = ALIGN (0x4)
                0x00000000100009cc                _edata = .

.igot.plt       0x00000000100009cc        0x0 load address 0x00000000000085ec
 .igot.plt      0x00000000100009cc        0x0 ./bld/aes.o

.bss            0x00000000100009cc       0x64 load address 0x00000000000085ec
                0x00000000100009cc                _bss = .
 *(.bss*)
 .bss.__malloc_current_mallinfo
                0x00000000100009cc       0x28 /Developer/arm/gcc-arm-none-eabi/bin/../lib/gcc/arm-none-eabi/7.2.1/../../../../arm-none-eabi/lib/thumb/v6-m/libc.a(lib_a-mallocr.o)
                0x00000000100009cc                __malloc_current_mallinfo
 .bss.__malloc_max_sbrked_mem
                0x00000000100009f4        0x4 /Developer/arm/gcc-arm-none-eabi/bin/../lib/gcc/arm-none-eabi/7.2.1/../../../../arm-none-eabi/lib/thumb/v6-m/libc.a(lib_a-mallocr.o)
                0x00000000100009f4                __malloc_max_sbrked_mem
 .bss.__malloc_max_total_mem
                0x00000000100009f8        0x4 /Developer/arm/gcc-arm-none-eabi/bin/../lib/gcc/arm-none-eabi/7.2.1/../../../../arm-none-eabi/lib/thumb/v6-m/libc.a(lib_a-mallocr.o)
                0x00000000100009f8                __malloc_max_total_mem
 .bss.__malloc_top_pad
                0x00000000100009fc        0x4 /Developer/arm/gcc-arm-none-eabi/bin/../lib/gcc/arm-none-eabi/7.2.1/../../../../arm-none-eabi/lib/thumb/v6-m/libc.a(lib_a-mallocr.o)
                0x00000000100009fc                __malloc_top_pad
 .bss.heap_end.4102
                0x0000000010000a00        0x4 /Developer/arm/gcc-arm-none-eabi/bin/../lib/gcc/arm-none-eabi/7.2.1/../../../../arm-none-eabi/lib/thumb/v6-m/libnosys.a(sbrk.o)
 *(COMMON)
 COMMON         0x0000000010000a04        0x4 ../lpcopen/bld/liblpcopen.a(chip_11xx.o)
                0x0000000010000a04                SystemCoreClock
 COMMON         0x0000000010000a08       0x21 /Developer/arm/gcc-arm-none-eabi/bin/../lib/gcc/arm-none-eabi/7.2.1/../../../../arm-none-eabi/lib/thumb/v6-m/libc.a(lib_a-lock.o)
                0x0000000010000a08                __lock___atexit_recursive_mutex
                0x0000000010000a0c                __lock___arc4random_mutex
                0x0000000010000a10                __lock___env_recursive_mutex
                0x0000000010000a14                __lock___sinit_recursive_mutex
                0x0000000010000a18                __lock___malloc_recursive_mutex
                0x0000000010000a1c                __lock___at_quick_exit_mutex
                0x0000000010000a20                __lock___dd_hash_mutex
                0x0000000010000a24                __lock___tz_mutex
                0x0000000010000a28                __lock___sfp_recursive_mutex
 *fill*         0x0000000010000a29        0x3 
 COMMON         0x0000000010000a2c        0x4 /Developer/arm/gcc-arm-none-eabi/bin/../lib/gcc/arm-none-eabi/7.2.1/../../../../arm-none-eabi/lib/thumb/v6-m/libc.a(lib_a-reent.o)
                0x0000000010000a2c                errno
                0x0000000010000a30                . = ALIGN (0x4)
                0x0000000010000a30                _ebss = .
                0x0000000010000a30                PROVIDE (end, .)

.noinit         0x0000000010000a30        0x0 load address 0x00000000000085ec
                0x0000000010000a30                _noinit = .
 *(.noinit*)
                0x0000000010000a30                . = ALIGN (0x4)
                0x0000000010000a30                _end_noinit = .
                [!provide]                        PROVIDE (_pvHeapStart, DEFINED (__user_heap_base)?__user_heap_base:.)
                0x0000000010001000                PROVIDE (_vStackTop, DEFINED (__user_stack_top)?__user_stack_top:(__top_RamLoc4 - 0x0))
                [!provide]                        PROVIDE (__valid_user_code_checksum, (0x0 - (((_vStackTop + (ResetISR + 0x1)) + (DEFINED (NMI_Handler)?NMI_Handler:M0_NMI_Handler + 0x1)) + (DEFINED (HardFault_Handler)?HardFault_Handler:M0_HardFault_Handler + 0x1))))
                0x0000000000000000                _image_start = LOADADDR (.text)
                0x00000000000085ec                _image_end = (LOADADDR (.data) + SIZEOF (.data))
                0x00000000000085ec                _image_size = (_image_end - _image_start)
OUTPUT(bld/aes.elf elf32-littlearm)

.ARM.attributes
                0x0000000000000000       0x28
 .ARM.attributes
                0x0000000000000000       0x1e /Developer/arm/gcc-arm-none-eabi/bin/../lib/gcc/arm-none-eabi/7.2.1/thumb/v6-m/crti.o
 .ARM.attributes
                0x000000000000001e       0x31 ./bld/aes.o
 .ARM.attributes
                0x000000000000004f       0x31 ./bld/cr_startup_lpc11xx.o
 .ARM.attributes
                0x0000000000000080       0x31 ./bld/main.o
 .ARM.attributes
                0x00000000000000b1       0x31 ./bld/sysinit.o
 .ARM.attributes
                0x00000000000000e2       0x31 ./bld/utils.o
 .ARM.attributes
                0x0000000000000113       0x31 ../lpcopen/bld/liblpcopen.a(chip_11xx.o)
 .ARM.attributes
                0x0000000000000144       0x31 ../lpcopen/bld/liblpcopen.a(clock_11xx.o)
 .ARM.attributes
                0x0000000000000175       0x31 ../lpcopen/bld/liblpcopen.a(gpio_11xx_2.o)
 .ARM.attributes
                0x00000000000001a6       0x31 ../lpcopen/bld/liblpcopen.a(sysinit_11xx.o)
 .ARM.attributes
                0x00000000000001d7       0x31 ../lpcopen/bld/liblpcopen.a(uart_11xx.o)
 .ARM.attributes
                0x0000000000000208       0x31 ../lpcopen/bld/liblpcopen.a(board.o)
 .ARM.attributes
                0x0000000000000239       0x31 ../lpcopen/bld/liblpcopen.a(sysctl_11xx.o)
 .ARM.attributes
                0x000000000000026a       0x1e /Developer/arm/gcc-arm-none-eabi/bin/../lib/gcc/arm-none-eabi/7.2.1/thumb/v6-m/libgcc.a(_udivsi3.o)
 .ARM.attributes
                0x0000000000000288       0x1e /Developer/arm/gcc-arm-none-eabi/bin/../lib/gcc/arm-none-eabi/7.2.1/thumb/v6-m/libgcc.a(_dvmd_tls.o)
 .ARM.attributes
                0x00000000000002a6       0x2c /Developer/arm/gcc-arm-none-eabi/bin/../lib/gcc/arm-none-eabi/7.2.1/../../../../arm-none-eabi/lib/thumb/v6-m/libc.a(lib_a-impure.o)
 .ARM.attributes
                0x00000000000002d2       0x2c /Developer/arm/gcc-arm-none-eabi/bin/../lib/gcc/arm-none-eabi/7.2.1/../../../../arm-none-eabi/lib/thumb/v6-m/libc.a(lib_a-memcpy-stub.o)
 .ARM.attributes
                0x00000000000002fe       0x2c /Developer/arm/gcc-arm-none-eabi/bin/../lib/gcc/arm-none-eabi/7.2.1/../../../../arm-none-eabi/lib/thumb/v6-m/libc.a(lib_a-memset.o)
 .ARM.attributes
                0x000000000000032a       0x2c /Developer/arm/gcc-arm-none-eabi/bin/../lib/gcc/arm-none-eabi/7.2.1/../../../../arm-none-eabi/lib/thumb/v6-m/libc.a(lib_a-printf.o)
 .ARM.attributes
                0x0000000000000356       0x2c /Developer/arm/gcc-arm-none-eabi/bin/../lib/gcc/arm-none-eabi/7.2.1/../../../../arm-none-eabi/lib/thumb/v6-m/libc.a(lib_a-vfprintf.o)
 .ARM.attributes
                0x0000000000000382       0x2c /Developer/arm/gcc-arm-none-eabi/bin/../lib/gcc/arm-none-eabi/7.2.1/../../../../arm-none-eabi/lib/thumb/v6-m/libc.a(lib_a-wsetup.o)
 .ARM.attributes
                0x00000000000003ae       0x2c /Developer/arm/gcc-arm-none-eabi/bin/../lib/gcc/arm-none-eabi/7.2.1/../../../../arm-none-eabi/lib/thumb/v6-m/libc.a(lib_a-dtoa.o)
 .ARM.attributes
                0x00000000000003da       0x2c /Developer/arm/gcc-arm-none-eabi/bin/../lib/gcc/arm-none-eabi/7.2.1/../../../../arm-none-eabi/lib/thumb/v6-m/libc.a(lib_a-fflush.o)
 .ARM.attributes
                0x0000000000000406       0x2c /Developer/arm/gcc-arm-none-eabi/bin/../lib/gcc/arm-none-eabi/7.2.1/../../../../arm-none-eabi/lib/thumb/v6-m/libc.a(lib_a-findfp.o)
 .ARM.attributes
                0x0000000000000432       0x2c /Developer/arm/gcc-arm-none-eabi/bin/../lib/gcc/arm-none-eabi/7.2.1/../../../../arm-none-eabi/lib/thumb/v6-m/libc.a(lib_a-freer.o)
 .ARM.attributes
                0x000000000000045e       0x2c /Developer/arm/gcc-arm-none-eabi/bin/../lib/gcc/arm-none-eabi/7.2.1/../../../../arm-none-eabi/lib/thumb/v6-m/libc.a(lib_a-fwalk.o)
 .ARM.attributes
                0x000000000000048a       0x2c /Developer/arm/gcc-arm-none-eabi/bin/../lib/gcc/arm-none-eabi/7.2.1/../../../../arm-none-eabi/lib/thumb/v6-m/libc.a(lib_a-localeconv.o)
 .ARM.attributes
                0x00000000000004b6       0x2c /Developer/arm/gcc-arm-none-eabi/bin/../lib/gcc/arm-none-eabi/7.2.1/../../../../arm-none-eabi/lib/thumb/v6-m/libc.a(lib_a-lock.o)
 .ARM.attributes
                0x00000000000004e2       0x2c /Developer/arm/gcc-arm-none-eabi/bin/../lib/gcc/arm-none-eabi/7.2.1/../../../../arm-none-eabi/lib/thumb/v6-m/libc.a(lib_a-makebuf.o)
 .ARM.attributes
                0x000000000000050e       0x2c /Developer/arm/gcc-arm-none-eabi/bin/../lib/gcc/arm-none-eabi/7.2.1/../../../../arm-none-eabi/lib/thumb/v6-m/libc.a(lib_a-mallocr.o)
 .ARM.attributes
                0x000000000000053a       0x2c /Developer/arm/gcc-arm-none-eabi/bin/../lib/gcc/arm-none-eabi/7.2.1/../../../../arm-none-eabi/lib/thumb/v6-m/libc.a(lib_a-memchr-stub.o)
 .ARM.attributes
                0x0000000000000566       0x2c /Developer/arm/gcc-arm-none-eabi/bin/../lib/gcc/arm-none-eabi/7.2.1/../../../../arm-none-eabi/lib/thumb/v6-m/libc.a(lib_a-mlock.o)
 .ARM.attributes
                0x0000000000000592       0x2c /Developer/arm/gcc-arm-none-eabi/bin/../lib/gcc/arm-none-eabi/7.2.1/../../../../arm-none-eabi/lib/thumb/v6-m/libc.a(lib_a-mprec.o)
 .ARM.attributes
                0x00000000000005be       0x2c /Developer/arm/gcc-arm-none-eabi/bin/../lib/gcc/arm-none-eabi/7.2.1/../../../../arm-none-eabi/lib/thumb/v6-m/libc.a(lib_a-sbrkr.o)
 .ARM.attributes
                0x00000000000005ea       0x2c /Developer/arm/gcc-arm-none-eabi/bin/../lib/gcc/arm-none-eabi/7.2.1/../../../../arm-none-eabi/lib/thumb/v6-m/libc.a(lib_a-stdio.o)
 .ARM.attributes
                0x0000000000000616       0x2c /Developer/arm/gcc-arm-none-eabi/bin/../lib/gcc/arm-none-eabi/7.2.1/../../../../arm-none-eabi/lib/thumb/v6-m/libc.a(lib_a-strlen-stub.o)
 .ARM.attributes
                0x0000000000000642       0x2c /Developer/arm/gcc-arm-none-eabi/bin/../lib/gcc/arm-none-eabi/7.2.1/../../../../arm-none-eabi/lib/thumb/v6-m/libc.a(lib_a-vfiprintf.o)
 .ARM.attributes
                0x000000000000066e       0x2c /Developer/arm/gcc-arm-none-eabi/bin/../lib/gcc/arm-none-eabi/7.2.1/../../../../arm-none-eabi/lib/thumb/v6-m/libc.a(lib_a-writer.o)
 .ARM.attributes
                0x000000000000069a       0x2c /Developer/arm/gcc-arm-none-eabi/bin/../lib/gcc/arm-none-eabi/7.2.1/../../../../arm-none-eabi/lib/thumb/v6-m/libc.a(lib_a-callocr.o)
 .ARM.attributes
                0x00000000000006c6       0x2c /Developer/arm/gcc-arm-none-eabi/bin/../lib/gcc/arm-none-eabi/7.2.1/../../../../arm-none-eabi/lib/thumb/v6-m/libc.a(lib_a-closer.o)
 .ARM.attributes
                0x00000000000006f2       0x2c /Developer/arm/gcc-arm-none-eabi/bin/../lib/gcc/arm-none-eabi/7.2.1/../../../../arm-none-eabi/lib/thumb/v6-m/libc.a(lib_a-fclose.o)
 .ARM.attributes
                0x000000000000071e       0x2c /Developer/arm/gcc-arm-none-eabi/bin/../lib/gcc/arm-none-eabi/7.2.1/../../../../arm-none-eabi/lib/thumb/v6-m/libc.a(lib_a-fputwc.o)
 .ARM.attributes
                0x000000000000074a       0x2c /Developer/arm/gcc-arm-none-eabi/bin/../lib/gcc/arm-none-eabi/7.2.1/../../../../arm-none-eabi/lib/thumb/v6-m/libc.a(lib_a-fstatr.o)
 .ARM.attributes
                0x0000000000000776       0x2c /Developer/arm/gcc-arm-none-eabi/bin/../lib/gcc/arm-none-eabi/7.2.1/../../../../arm-none-eabi/lib/thumb/v6-m/libc.a(lib_a-fvwrite.o)
 .ARM.attributes
                0x00000000000007a2       0x2c /Developer/arm/gcc-arm-none-eabi/bin/../lib/gcc/arm-none-eabi/7.2.1/../../../../arm-none-eabi/lib/thumb/v6-m/libc.a(lib_a-isattyr.o)
 .ARM.attributes
                0x00000000000007ce       0x2c /Developer/arm/gcc-arm-none-eabi/bin/../lib/gcc/arm-none-eabi/7.2.1/../../../../arm-none-eabi/lib/thumb/v6-m/libc.a(lib_a-locale.o)
 .ARM.attributes
                0x00000000000007fa       0x2c /Developer/arm/gcc-arm-none-eabi/bin/../lib/gcc/arm-none-eabi/7.2.1/../../../../arm-none-eabi/lib/thumb/v6-m/libc.a(lib_a-lseekr.o)
 .ARM.attributes
                0x0000000000000826       0x2c /Developer/arm/gcc-arm-none-eabi/bin/../lib/gcc/arm-none-eabi/7.2.1/../../../../arm-none-eabi/lib/thumb/v6-m/libc.a(lib_a-mbtowc_r.o)
 .ARM.attributes
                0x0000000000000852       0x2c /Developer/arm/gcc-arm-none-eabi/bin/../lib/gcc/arm-none-eabi/7.2.1/../../../../arm-none-eabi/lib/thumb/v6-m/libc.a(lib_a-memmove.o)
 .ARM.attributes
                0x000000000000087e       0x2c /Developer/arm/gcc-arm-none-eabi/bin/../lib/gcc/arm-none-eabi/7.2.1/../../../../arm-none-eabi/lib/thumb/v6-m/libc.a(lib_a-readr.o)
 .ARM.attributes
                0x00000000000008aa       0x2c /Developer/arm/gcc-arm-none-eabi/bin/../lib/gcc/arm-none-eabi/7.2.1/../../../../arm-none-eabi/lib/thumb/v6-m/libc.a(lib_a-reallocr.o)
 .ARM.attributes
                0x00000000000008d6       0x2c /Developer/arm/gcc-arm-none-eabi/bin/../lib/gcc/arm-none-eabi/7.2.1/../../../../arm-none-eabi/lib/thumb/v6-m/libc.a(lib_a-reent.o)
 .ARM.attributes
                0x0000000000000902       0x2c /Developer/arm/gcc-arm-none-eabi/bin/../lib/gcc/arm-none-eabi/7.2.1/../../../../arm-none-eabi/lib/thumb/v6-m/libc.a(lib_a-wbuf.o)
 .ARM.attributes
                0x000000000000092e       0x2c /Developer/arm/gcc-arm-none-eabi/bin/../lib/gcc/arm-none-eabi/7.2.1/../../../../arm-none-eabi/lib/thumb/v6-m/libc.a(lib_a-wcrtomb.o)
 .ARM.attributes
                0x000000000000095a       0x2c /Developer/arm/gcc-arm-none-eabi/bin/../lib/gcc/arm-none-eabi/7.2.1/../../../../arm-none-eabi/lib/thumb/v6-m/libc.a(lib_a-wctomb_r.o)
 .ARM.attributes
                0x0000000000000986       0x2c /Developer/arm/gcc-arm-none-eabi/bin/../lib/gcc/arm-none-eabi/7.2.1/../../../../arm-none-eabi/lib/thumb/v6-m/libc.a(lib_a-ctype_.o)
 .ARM.attributes
                0x00000000000009b2       0x1e /Developer/arm/gcc-arm-none-eabi/bin/../lib/gcc/arm-none-eabi/7.2.1/thumb/v6-m/libgcc.a(_divsi3.o)
 .ARM.attributes
                0x00000000000009d0       0x1e /Developer/arm/gcc-arm-none-eabi/bin/../lib/gcc/arm-none-eabi/7.2.1/thumb/v6-m/libgcc.a(_arm_cmpdf2.o)
 .ARM.attributes
                0x00000000000009ee       0x1e /Developer/arm/gcc-arm-none-eabi/bin/../lib/gcc/arm-none-eabi/7.2.1/thumb/v6-m/libgcc.a(_aeabi_uldivmod.o)
 .ARM.attributes
                0x0000000000000a0c       0x2c /Developer/arm/gcc-arm-none-eabi/bin/../lib/gcc/arm-none-eabi/7.2.1/thumb/v6-m/libgcc.a(_udivmoddi4.o)
 .ARM.attributes
                0x0000000000000a38       0x2c /Developer/arm/gcc-arm-none-eabi/bin/../lib/gcc/arm-none-eabi/7.2.1/thumb/v6-m/libgcc.a(adddf3.o)
 .ARM.attributes
                0x0000000000000a64       0x2c /Developer/arm/gcc-arm-none-eabi/bin/../lib/gcc/arm-none-eabi/7.2.1/thumb/v6-m/libgcc.a(divdf3.o)
 .ARM.attributes
                0x0000000000000a90       0x2c /Developer/arm/gcc-arm-none-eabi/bin/../lib/gcc/arm-none-eabi/7.2.1/thumb/v6-m/libgcc.a(eqdf2.o)
 .ARM.attributes
                0x0000000000000abc       0x2c /Developer/arm/gcc-arm-none-eabi/bin/../lib/gcc/arm-none-eabi/7.2.1/thumb/v6-m/libgcc.a(gedf2.o)
 .ARM.attributes
                0x0000000000000ae8       0x2c /Developer/arm/gcc-arm-none-eabi/bin/../lib/gcc/arm-none-eabi/7.2.1/thumb/v6-m/libgcc.a(ledf2.o)
 .ARM.attributes
                0x0000000000000b14       0x2c /Developer/arm/gcc-arm-none-eabi/bin/../lib/gcc/arm-none-eabi/7.2.1/thumb/v6-m/libgcc.a(muldf3.o)
 .ARM.attributes
                0x0000000000000b40       0x2c /Developer/arm/gcc-arm-none-eabi/bin/../lib/gcc/arm-none-eabi/7.2.1/thumb/v6-m/libgcc.a(subdf3.o)
 .ARM.attributes
                0x0000000000000b6c       0x2c /Developer/arm/gcc-arm-none-eabi/bin/../lib/gcc/arm-none-eabi/7.2.1/thumb/v6-m/libgcc.a(unorddf2.o)
 .ARM.attributes
                0x0000000000000b98       0x2c /Developer/arm/gcc-arm-none-eabi/bin/../lib/gcc/arm-none-eabi/7.2.1/thumb/v6-m/libgcc.a(fixdfsi.o)
 .ARM.attributes
                0x0000000000000bc4       0x2c /Developer/arm/gcc-arm-none-eabi/bin/../lib/gcc/arm-none-eabi/7.2.1/thumb/v6-m/libgcc.a(floatsidf.o)
 .ARM.attributes
                0x0000000000000bf0       0x2c /Developer/arm/gcc-arm-none-eabi/bin/../lib/gcc/arm-none-eabi/7.2.1/thumb/v6-m/libgcc.a(floatunsidf.o)
 .ARM.attributes
                0x0000000000000c1c       0x1e /Developer/arm/gcc-arm-none-eabi/bin/../lib/gcc/arm-none-eabi/7.2.1/thumb/v6-m/libgcc.a(_clzsi2.o)
 .ARM.attributes
                0x0000000000000c3a       0x1e /Developer/arm/gcc-arm-none-eabi/bin/../lib/gcc/arm-none-eabi/7.2.1/thumb/v6-m/libgcc.a(_clzdi2.o)
 .ARM.attributes
                0x0000000000000c58       0x2c /Developer/arm/gcc-arm-none-eabi/bin/../lib/gcc/arm-none-eabi/7.2.1/../../../../arm-none-eabi/lib/thumb/v6-m/libnosys.a(close.o)
 .ARM.attributes
                0x0000000000000c84       0x2c /Developer/arm/gcc-arm-none-eabi/bin/../lib/gcc/arm-none-eabi/7.2.1/../../../../arm-none-eabi/lib/thumb/v6-m/libnosys.a(fstat.o)
 .ARM.attributes
                0x0000000000000cb0       0x2c /Developer/arm/gcc-arm-none-eabi/bin/../lib/gcc/arm-none-eabi/7.2.1/../../../../arm-none-eabi/lib/thumb/v6-m/libnosys.a(isatty.o)
 .ARM.attributes
                0x0000000000000cdc       0x2c /Developer/arm/gcc-arm-none-eabi/bin/../lib/gcc/arm-none-eabi/7.2.1/../../../../arm-none-eabi/lib/thumb/v6-m/libnosys.a(lseek.o)
 .ARM.attributes
                0x0000000000000d08       0x2c /Developer/arm/gcc-arm-none-eabi/bin/../lib/gcc/arm-none-eabi/7.2.1/../../../../arm-none-eabi/lib/thumb/v6-m/libnosys.a(read.o)
 .ARM.attributes
                0x0000000000000d34       0x2c /Developer/arm/gcc-arm-none-eabi/bin/../lib/gcc/arm-none-eabi/7.2.1/../../../../arm-none-eabi/lib/thumb/v6-m/libnosys.a(sbrk.o)

.comment        0x0000000000000000       0x7e
 .comment       0x0000000000000000       0x7e ./bld/aes.o
                                         0x7f (size before relaxing)
 .comment       0x000000000000007e       0x7f ./bld/cr_startup_lpc11xx.o
 .comment       0x000000000000007e       0x7f ./bld/main.o
 .comment       0x000000000000007e       0x7f ./bld/sysinit.o
 .comment       0x000000000000007e       0x7f ./bld/utils.o
 .comment       0x000000000000007e       0x7f ../lpcopen/bld/liblpcopen.a(chip_11xx.o)
 .comment       0x000000000000007e       0x7f ../lpcopen/bld/liblpcopen.a(clock_11xx.o)
 .comment       0x000000000000007e       0x7f ../lpcopen/bld/liblpcopen.a(gpio_11xx_2.o)
 .comment       0x000000000000007e       0x7f ../lpcopen/bld/liblpcopen.a(sysinit_11xx.o)
 .comment       0x000000000000007e       0x7f ../lpcopen/bld/liblpcopen.a(uart_11xx.o)
 .comment       0x000000000000007e       0x7f ../lpcopen/bld/liblpcopen.a(board.o)
 .comment       0x000000000000007e       0x7f ../lpcopen/bld/liblpcopen.a(sysctl_11xx.o)

.debug_info     0x0000000000000000     0x7af0
 .debug_info    0x0000000000000000     0x1170 ./bld/aes.o
 .debug_info    0x0000000000001170      0x264 ./bld/cr_startup_lpc11xx.o
 .debug_info    0x00000000000013d4      0xdf5 ./bld/main.o
 .debug_info    0x00000000000021c9       0xe2 ./bld/sysinit.o
 .debug_info    0x00000000000022ab      0xe96 ./bld/utils.o
 .debug_info    0x0000000000003141       0xef ../lpcopen/bld/liblpcopen.a(chip_11xx.o)
 .debug_info    0x0000000000003230      0x90a ../lpcopen/bld/liblpcopen.a(clock_11xx.o)
 .debug_info    0x0000000000003b3a      0xca7 ../lpcopen/bld/liblpcopen.a(gpio_11xx_2.o)
 .debug_info    0x00000000000047e1      0x901 ../lpcopen/bld/liblpcopen.a(sysinit_11xx.o)
 .debug_info    0x00000000000050e2     0x124a ../lpcopen/bld/liblpcopen.a(uart_11xx.o)
 .debug_info    0x000000000000632c     0x1229 ../lpcopen/bld/liblpcopen.a(board.o)
 .debug_info    0x0000000000007555      0x59b ../lpcopen/bld/liblpcopen.a(sysctl_11xx.o)

.debug_abbrev   0x0000000000000000     0x195e
 .debug_abbrev  0x0000000000000000      0x351 ./bld/aes.o
 .debug_abbrev  0x0000000000000351      0x10c ./bld/cr_startup_lpc11xx.o
 .debug_abbrev  0x000000000000045d      0x2f4 ./bld/main.o
 .debug_abbrev  0x0000000000000751       0x96 ./bld/sysinit.o
 .debug_abbrev  0x00000000000007e7      0x308 ./bld/utils.o
 .debug_abbrev  0x0000000000000aef       0xa3 ../lpcopen/bld/liblpcopen.a(chip_11xx.o)
 .debug_abbrev  0x0000000000000b92      0x251 ../lpcopen/bld/liblpcopen.a(clock_11xx.o)
 .debug_abbrev  0x0000000000000de3      0x208 ../lpcopen/bld/liblpcopen.a(gpio_11xx_2.o)
 .debug_abbrev  0x0000000000000feb      0x1e9 ../lpcopen/bld/liblpcopen.a(sysinit_11xx.o)
 .debug_abbrev  0x00000000000011d4      0x30f ../lpcopen/bld/liblpcopen.a(uart_11xx.o)
 .debug_abbrev  0x00000000000014e3      0x378 ../lpcopen/bld/liblpcopen.a(board.o)
 .debug_abbrev  0x000000000000185b      0x103 ../lpcopen/bld/liblpcopen.a(sysctl_11xx.o)

.debug_loc      0x0000000000000000     0x2597
 .debug_loc     0x0000000000000000      0x93e ./bld/aes.o
 .debug_loc     0x000000000000093e      0x1c8 ./bld/cr_startup_lpc11xx.o
 .debug_loc     0x0000000000000b06      0x1f6 ./bld/main.o
 .debug_loc     0x0000000000000cfc      0x18b ./bld/utils.o
 .debug_loc     0x0000000000000e87       0xd1 ../lpcopen/bld/liblpcopen.a(clock_11xx.o)
 .debug_loc     0x0000000000000f58      0x6de ../lpcopen/bld/liblpcopen.a(gpio_11xx_2.o)
 .debug_loc     0x0000000000001636       0x7c ../lpcopen/bld/liblpcopen.a(sysinit_11xx.o)
 .debug_loc     0x00000000000016b2      0xb5e ../lpcopen/bld/liblpcopen.a(uart_11xx.o)
 .debug_loc     0x0000000000002210      0x2cd ../lpcopen/bld/liblpcopen.a(board.o)
 .debug_loc     0x00000000000024dd       0xba ../lpcopen/bld/liblpcopen.a(sysctl_11xx.o)

.debug_aranges  0x0000000000000000      0x328
 .debug_aranges
                0x0000000000000000       0x40 ./bld/aes.o
 .debug_aranges
                0x0000000000000040       0x60 ./bld/cr_startup_lpc11xx.o
 .debug_aranges
                0x00000000000000a0       0x20 ./bld/main.o
 .debug_aranges
                0x00000000000000c0       0x20 ./bld/sysinit.o
 .debug_aranges
                0x00000000000000e0       0x30 ./bld/utils.o
 .debug_aranges
                0x0000000000000110       0x20 ../lpcopen/bld/liblpcopen.a(chip_11xx.o)
 .debug_aranges
                0x0000000000000130       0x68 ../lpcopen/bld/liblpcopen.a(clock_11xx.o)
 .debug_aranges
                0x0000000000000198       0x50 ../lpcopen/bld/liblpcopen.a(gpio_11xx_2.o)
 .debug_aranges
                0x00000000000001e8       0x20 ../lpcopen/bld/liblpcopen.a(sysinit_11xx.o)
 .debug_aranges
                0x0000000000000208       0x80 ../lpcopen/bld/liblpcopen.a(uart_11xx.o)
 .debug_aranges
                0x0000000000000288       0x68 ../lpcopen/bld/liblpcopen.a(board.o)
 .debug_aranges
                0x00000000000002f0       0x38 ../lpcopen/bld/liblpcopen.a(sysctl_11xx.o)

.debug_ranges   0x0000000000000000      0x3a0
 .debug_ranges  0x0000000000000000       0xa8 ./bld/aes.o
 .debug_ranges  0x00000000000000a8       0x50 ./bld/cr_startup_lpc11xx.o
 .debug_ranges  0x00000000000000f8       0x28 ./bld/main.o
 .debug_ranges  0x0000000000000120       0x10 ./bld/sysinit.o
 .debug_ranges  0x0000000000000130       0x20 ./bld/utils.o
 .debug_ranges  0x0000000000000150       0x10 ../lpcopen/bld/liblpcopen.a(chip_11xx.o)
 .debug_ranges  0x0000000000000160       0x58 ../lpcopen/bld/liblpcopen.a(clock_11xx.o)
 .debug_ranges  0x00000000000001b8       0x40 ../lpcopen/bld/liblpcopen.a(gpio_11xx_2.o)
 .debug_ranges  0x00000000000001f8       0x10 ../lpcopen/bld/liblpcopen.a(sysinit_11xx.o)
 .debug_ranges  0x0000000000000208      0x118 ../lpcopen/bld/liblpcopen.a(uart_11xx.o)
 .debug_ranges  0x0000000000000320       0x58 ../lpcopen/bld/liblpcopen.a(board.o)
 .debug_ranges  0x0000000000000378       0x28 ../lpcopen/bld/liblpcopen.a(sysctl_11xx.o)

.debug_line     0x0000000000000000     0x15d4
 .debug_line    0x0000000000000000      0x295 ./bld/aes.o
 .debug_line    0x0000000000000295       0x8f ./bld/cr_startup_lpc11xx.o
 .debug_line    0x0000000000000324      0x242 ./bld/main.o
 .debug_line    0x0000000000000566      0x106 ./bld/sysinit.o
 .debug_line    0x000000000000066c      0x1e0 ./bld/utils.o
 .debug_line    0x000000000000084c       0xfc ../lpcopen/bld/liblpcopen.a(chip_11xx.o)
 .debug_line    0x0000000000000948      0x1ff ../lpcopen/bld/liblpcopen.a(clock_11xx.o)
 .debug_line    0x0000000000000b47      0x1f4 ../lpcopen/bld/liblpcopen.a(gpio_11xx_2.o)
 .debug_line    0x0000000000000d3b      0x157 ../lpcopen/bld/liblpcopen.a(sysinit_11xx.o)
 .debug_line    0x0000000000000e92      0x35b ../lpcopen/bld/liblpcopen.a(uart_11xx.o)
 .debug_line    0x00000000000011ed      0x2ad ../lpcopen/bld/liblpcopen.a(board.o)
 .debug_line    0x000000000000149a      0x13a ../lpcopen/bld/liblpcopen.a(sysctl_11xx.o)

.debug_str      0x0000000000000000     0x1e0e
 .debug_str     0x0000000000000000      0x5a7 ./bld/aes.o
                                        0x64f (size before relaxing)
 .debug_str     0x00000000000005a7      0x146 ./bld/cr_startup_lpc11xx.o
                                        0x244 (size before relaxing)
 .debug_str     0x00000000000006ed       0xf0 ./bld/main.o
                                        0x6bc (size before relaxing)
 .debug_str     0x00000000000007dd       0x1e ./bld/sysinit.o
                                        0x1d0 (size before relaxing)
 .debug_str     0x00000000000007fb      0x397 ./bld/utils.o
                                        0x94c (size before relaxing)
 .debug_str     0x0000000000000b92      0x114 ../lpcopen/bld/liblpcopen.a(chip_11xx.o)
                                        0x1f1 (size before relaxing)
 .debug_str     0x0000000000000ca6      0x7bd ../lpcopen/bld/liblpcopen.a(clock_11xx.o)
                                        0x9a7 (size before relaxing)
 .debug_str     0x0000000000001463      0x3e4 ../lpcopen/bld/liblpcopen.a(gpio_11xx_2.o)
                                        0x88f (size before relaxing)
 .debug_str     0x0000000000001847      0x14d ../lpcopen/bld/liblpcopen.a(sysinit_11xx.o)
                                        0x8ba (size before relaxing)
 .debug_str     0x0000000000001994      0x288 ../lpcopen/bld/liblpcopen.a(uart_11xx.o)
                                        0x9cb (size before relaxing)
 .debug_str     0x0000000000001c1c      0x17a ../lpcopen/bld/liblpcopen.a(board.o)
                                        0xa95 (size before relaxing)
 .debug_str     0x0000000000001d96       0x78 ../lpcopen/bld/liblpcopen.a(sysctl_11xx.o)
                                        0x4f7 (size before relaxing)

.debug_frame    0x0000000000000000     0x189c
 .debug_frame   0x0000000000000000       0xbc ./bld/aes.o
 .debug_frame   0x00000000000000bc       0xc0 ./bld/cr_startup_lpc11xx.o
 .debug_frame   0x000000000000017c       0x38 ./bld/main.o
 .debug_frame   0x00000000000001b4       0x28 ./bld/sysinit.o
 .debug_frame   0x00000000000001dc       0x50 ./bld/utils.o
 .debug_frame   0x000000000000022c       0x28 ../lpcopen/bld/liblpcopen.a(chip_11xx.o)
 .debug_frame   0x0000000000000254       0xd0 ../lpcopen/bld/liblpcopen.a(clock_11xx.o)
 .debug_frame   0x0000000000000324       0xa0 ../lpcopen/bld/liblpcopen.a(gpio_11xx_2.o)
 .debug_frame   0x00000000000003c4       0x28 ../lpcopen/bld/liblpcopen.a(sysinit_11xx.o)
 .debug_frame   0x00000000000003ec      0x180 ../lpcopen/bld/liblpcopen.a(uart_11xx.o)
 .debug_frame   0x000000000000056c       0xd8 ../lpcopen/bld/liblpcopen.a(board.o)
 .debug_frame   0x0000000000000644       0x58 ../lpcopen/bld/liblpcopen.a(sysctl_11xx.o)
 .debug_frame   0x000000000000069c       0x20 /Developer/arm/gcc-arm-none-eabi/bin/../lib/gcc/arm-none-eabi/7.2.1/thumb/v6-m/libgcc.a(_udivsi3.o)
 .debug_frame   0x00000000000006bc       0x30 /Developer/arm/gcc-arm-none-eabi/bin/../lib/gcc/arm-none-eabi/7.2.1/../../../../arm-none-eabi/lib/thumb/v6-m/libc.a(lib_a-memcpy-stub.o)
 .debug_frame   0x00000000000006ec       0x30 /Developer/arm/gcc-arm-none-eabi/bin/../lib/gcc/arm-none-eabi/7.2.1/../../../../arm-none-eabi/lib/thumb/v6-m/libc.a(lib_a-memset.o)
 .debug_frame   0x000000000000071c       0x48 /Developer/arm/gcc-arm-none-eabi/bin/../lib/gcc/arm-none-eabi/7.2.1/../../../../arm-none-eabi/lib/thumb/v6-m/libc.a(lib_a-printf.o)
 .debug_frame   0x0000000000000764       0x78 /Developer/arm/gcc-arm-none-eabi/bin/../lib/gcc/arm-none-eabi/7.2.1/../../../../arm-none-eabi/lib/thumb/v6-m/libc.a(lib_a-vfprintf.o)
 .debug_frame   0x00000000000007dc       0x2c /Developer/arm/gcc-arm-none-eabi/bin/../lib/gcc/arm-none-eabi/7.2.1/../../../../arm-none-eabi/lib/thumb/v6-m/libc.a(lib_a-wsetup.o)
 .debug_frame   0x0000000000000808       0x68 /Developer/arm/gcc-arm-none-eabi/bin/../lib/gcc/arm-none-eabi/7.2.1/../../../../arm-none-eabi/lib/thumb/v6-m/libc.a(lib_a-dtoa.o)
 .debug_frame   0x0000000000000870       0x68 /Developer/arm/gcc-arm-none-eabi/bin/../lib/gcc/arm-none-eabi/7.2.1/../../../../arm-none-eabi/lib/thumb/v6-m/libc.a(lib_a-fflush.o)
 .debug_frame   0x00000000000008d8      0x170 /Developer/arm/gcc-arm-none-eabi/bin/../lib/gcc/arm-none-eabi/7.2.1/../../../../arm-none-eabi/lib/thumb/v6-m/libc.a(lib_a-findfp.o)
 .debug_frame   0x0000000000000a48       0x58 /Developer/arm/gcc-arm-none-eabi/bin/../lib/gcc/arm-none-eabi/7.2.1/../../../../arm-none-eabi/lib/thumb/v6-m/libc.a(lib_a-freer.o)
 .debug_frame   0x0000000000000aa0       0x5c /Developer/arm/gcc-arm-none-eabi/bin/../lib/gcc/arm-none-eabi/7.2.1/../../../../arm-none-eabi/lib/thumb/v6-m/libc.a(lib_a-fwalk.o)
 .debug_frame   0x0000000000000afc       0x40 /Developer/arm/gcc-arm-none-eabi/bin/../lib/gcc/arm-none-eabi/7.2.1/../../../../arm-none-eabi/lib/thumb/v6-m/libc.a(lib_a-localeconv.o)
 .debug_frame   0x0000000000000b3c       0xb0 /Developer/arm/gcc-arm-none-eabi/bin/../lib/gcc/arm-none-eabi/7.2.1/../../../../arm-none-eabi/lib/thumb/v6-m/libc.a(lib_a-lock.o)
 .debug_frame   0x0000000000000bec       0x50 /Developer/arm/gcc-arm-none-eabi/bin/../lib/gcc/arm-none-eabi/7.2.1/../../../../arm-none-eabi/lib/thumb/v6-m/libc.a(lib_a-makebuf.o)
 .debug_frame   0x0000000000000c3c       0x3c /Developer/arm/gcc-arm-none-eabi/bin/../lib/gcc/arm-none-eabi/7.2.1/../../../../arm-none-eabi/lib/thumb/v6-m/libc.a(lib_a-mallocr.o)
 .debug_frame   0x0000000000000c78       0x2c /Developer/arm/gcc-arm-none-eabi/bin/../lib/gcc/arm-none-eabi/7.2.1/../../../../arm-none-eabi/lib/thumb/v6-m/libc.a(lib_a-memchr-stub.o)
 .debug_frame   0x0000000000000ca4       0x40 /Developer/arm/gcc-arm-none-eabi/bin/../lib/gcc/arm-none-eabi/7.2.1/../../../../arm-none-eabi/lib/thumb/v6-m/libc.a(lib_a-mlock.o)
 .debug_frame   0x0000000000000ce4      0x260 /Developer/arm/gcc-arm-none-eabi/bin/../lib/gcc/arm-none-eabi/7.2.1/../../../../arm-none-eabi/lib/thumb/v6-m/libc.a(lib_a-mprec.o)
 .debug_frame   0x0000000000000f44       0x2c /Developer/arm/gcc-arm-none-eabi/bin/../lib/gcc/arm-none-eabi/7.2.1/../../../../arm-none-eabi/lib/thumb/v6-m/libc.a(lib_a-sbrkr.o)
 .debug_frame   0x0000000000000f70       0x90 /Developer/arm/gcc-arm-none-eabi/bin/../lib/gcc/arm-none-eabi/7.2.1/../../../../arm-none-eabi/lib/thumb/v6-m/libc.a(lib_a-stdio.o)
 .debug_frame   0x0000000000001000       0x28 /Developer/arm/gcc-arm-none-eabi/bin/../lib/gcc/arm-none-eabi/7.2.1/../../../../arm-none-eabi/lib/thumb/v6-m/libc.a(lib_a-strlen-stub.o)
 .debug_frame   0x0000000000001028       0xbc /Developer/arm/gcc-arm-none-eabi/bin/../lib/gcc/arm-none-eabi/7.2.1/../../../../arm-none-eabi/lib/thumb/v6-m/libc.a(lib_a-vfiprintf.o)
 .debug_frame   0x00000000000010e4       0x2c /Developer/arm/gcc-arm-none-eabi/bin/../lib/gcc/arm-none-eabi/7.2.1/../../../../arm-none-eabi/lib/thumb/v6-m/libc.a(lib_a-writer.o)
 .debug_frame   0x0000000000001110       0x28 /Developer/arm/gcc-arm-none-eabi/bin/../lib/gcc/arm-none-eabi/7.2.1/../../../../arm-none-eabi/lib/thumb/v6-m/libc.a(lib_a-callocr.o)
 .debug_frame   0x0000000000001138       0x2c /Developer/arm/gcc-arm-none-eabi/bin/../lib/gcc/arm-none-eabi/7.2.1/../../../../arm-none-eabi/lib/thumb/v6-m/libc.a(lib_a-closer.o)
 .debug_frame   0x0000000000001164       0x44 /Developer/arm/gcc-arm-none-eabi/bin/../lib/gcc/arm-none-eabi/7.2.1/../../../../arm-none-eabi/lib/thumb/v6-m/libc.a(lib_a-fclose.o)
 .debug_frame   0x00000000000011a8       0x70 /Developer/arm/gcc-arm-none-eabi/bin/../lib/gcc/arm-none-eabi/7.2.1/../../../../arm-none-eabi/lib/thumb/v6-m/libc.a(lib_a-fputwc.o)
 .debug_frame   0x0000000000001218       0x2c /Developer/arm/gcc-arm-none-eabi/bin/../lib/gcc/arm-none-eabi/7.2.1/../../../../arm-none-eabi/lib/thumb/v6-m/libc.a(lib_a-fstatr.o)
 .debug_frame   0x0000000000001244       0x3c /Developer/arm/gcc-arm-none-eabi/bin/../lib/gcc/arm-none-eabi/7.2.1/../../../../arm-none-eabi/lib/thumb/v6-m/libc.a(lib_a-fvwrite.o)
 .debug_frame   0x0000000000001280       0x2c /Developer/arm/gcc-arm-none-eabi/bin/../lib/gcc/arm-none-eabi/7.2.1/../../../../arm-none-eabi/lib/thumb/v6-m/libc.a(lib_a-isattyr.o)
 .debug_frame   0x00000000000012ac       0x74 /Developer/arm/gcc-arm-none-eabi/bin/../lib/gcc/arm-none-eabi/7.2.1/../../../../arm-none-eabi/lib/thumb/v6-m/libc.a(lib_a-locale.o)
 .debug_frame   0x0000000000001320       0x2c /Developer/arm/gcc-arm-none-eabi/bin/../lib/gcc/arm-none-eabi/7.2.1/../../../../arm-none-eabi/lib/thumb/v6-m/libc.a(lib_a-lseekr.o)
 .debug_frame   0x000000000000134c       0x40 /Developer/arm/gcc-arm-none-eabi/bin/../lib/gcc/arm-none-eabi/7.2.1/../../../../arm-none-eabi/lib/thumb/v6-m/libc.a(lib_a-mbtowc_r.o)
 .debug_frame   0x000000000000138c       0x30 /Developer/arm/gcc-arm-none-eabi/bin/../lib/gcc/arm-none-eabi/7.2.1/../../../../arm-none-eabi/lib/thumb/v6-m/libc.a(lib_a-memmove.o)
 .debug_frame   0x00000000000013bc       0x2c /Developer/arm/gcc-arm-none-eabi/bin/../lib/gcc/arm-none-eabi/7.2.1/../../../../arm-none-eabi/lib/thumb/v6-m/libc.a(lib_a-readr.o)
 .debug_frame   0x00000000000013e8       0x3c /Developer/arm/gcc-arm-none-eabi/bin/../lib/gcc/arm-none-eabi/7.2.1/../../../../arm-none-eabi/lib/thumb/v6-m/libc.a(lib_a-reallocr.o)
 .debug_frame   0x0000000000001424       0x48 /Developer/arm/gcc-arm-none-eabi/bin/../lib/gcc/arm-none-eabi/7.2.1/../../../../arm-none-eabi/lib/thumb/v6-m/libc.a(lib_a-reent.o)
 .debug_frame   0x000000000000146c       0x48 /Developer/arm/gcc-arm-none-eabi/bin/../lib/gcc/arm-none-eabi/7.2.1/../../../../arm-none-eabi/lib/thumb/v6-m/libc.a(lib_a-wbuf.o)
 .debug_frame   0x00000000000014b4       0x50 /Developer/arm/gcc-arm-none-eabi/bin/../lib/gcc/arm-none-eabi/7.2.1/../../../../arm-none-eabi/lib/thumb/v6-m/libc.a(lib_a-wcrtomb.o)
 .debug_frame   0x0000000000001504       0x3c /Developer/arm/gcc-arm-none-eabi/bin/../lib/gcc/arm-none-eabi/7.2.1/../../../../arm-none-eabi/lib/thumb/v6-m/libc.a(lib_a-wctomb_r.o)
 .debug_frame   0x0000000000001540       0x20 /Developer/arm/gcc-arm-none-eabi/bin/../lib/gcc/arm-none-eabi/7.2.1/thumb/v6-m/libgcc.a(_divsi3.o)
 .debug_frame   0x0000000000001560       0x3c /Developer/arm/gcc-arm-none-eabi/bin/../lib/gcc/arm-none-eabi/7.2.1/thumb/v6-m/libgcc.a(_udivmoddi4.o)
 .debug_frame   0x000000000000159c       0x38 /Developer/arm/gcc-arm-none-eabi/bin/../lib/gcc/arm-none-eabi/7.2.1/thumb/v6-m/libgcc.a(adddf3.o)
 .debug_frame   0x00000000000015d4       0x3c /Developer/arm/gcc-arm-none-eabi/bin/../lib/gcc/arm-none-eabi/7.2.1/thumb/v6-m/libgcc.a(divdf3.o)
 .debug_frame   0x0000000000001610       0x38 /Developer/arm/gcc-arm-none-eabi/bin/../lib/gcc/arm-none-eabi/7.2.1/thumb/v6-m/libgcc.a(eqdf2.o)
 .debug_frame   0x0000000000001648       0x38 /Developer/arm/gcc-arm-none-eabi/bin/../lib/gcc/arm-none-eabi/7.2.1/thumb/v6-m/libgcc.a(gedf2.o)
 .debug_frame   0x0000000000001680       0x38 /Developer/arm/gcc-arm-none-eabi/bin/../lib/gcc/arm-none-eabi/7.2.1/thumb/v6-m/libgcc.a(ledf2.o)
 .debug_frame   0x00000000000016b8       0x3c /Developer/arm/gcc-arm-none-eabi/bin/../lib/gcc/arm-none-eabi/7.2.1/thumb/v6-m/libgcc.a(muldf3.o)
 .debug_frame   0x00000000000016f4       0x3c /Developer/arm/gcc-arm-none-eabi/bin/../lib/gcc/arm-none-eabi/7.2.1/thumb/v6-m/libgcc.a(subdf3.o)
 .debug_frame   0x0000000000001730       0x2c /Developer/arm/gcc-arm-none-eabi/bin/../lib/gcc/arm-none-eabi/7.2.1/thumb/v6-m/libgcc.a(unorddf2.o)
 .debug_frame   0x000000000000175c       0x2c /Developer/arm/gcc-arm-none-eabi/bin/../lib/gcc/arm-none-eabi/7.2.1/thumb/v6-m/libgcc.a(fixdfsi.o)
 .debug_frame   0x0000000000001788       0x2c /Developer/arm/gcc-arm-none-eabi/bin/../lib/gcc/arm-none-eabi/7.2.1/thumb/v6-m/libgcc.a(floatsidf.o)
 .debug_frame   0x00000000000017b4       0x28 /Developer/arm/gcc-arm-none-eabi/bin/../lib/gcc/arm-none-eabi/7.2.1/thumb/v6-m/libgcc.a(floatunsidf.o)
 .debug_frame   0x00000000000017dc       0x20 /Developer/arm/gcc-arm-none-eabi/bin/../lib/gcc/arm-none-eabi/7.2.1/../../../../arm-none-eabi/lib/thumb/v6-m/libnosys.a(close.o)
 .debug_frame   0x00000000000017fc       0x20 /Developer/arm/gcc-arm-none-eabi/bin/../lib/gcc/arm-none-eabi/7.2.1/../../../../arm-none-eabi/lib/thumb/v6-m/libnosys.a(fstat.o)
 .debug_frame   0x000000000000181c       0x20 /Developer/arm/gcc-arm-none-eabi/bin/../lib/gcc/arm-none-eabi/7.2.1/../../../../arm-none-eabi/lib/thumb/v6-m/libnosys.a(isatty.o)
 .debug_frame   0x000000000000183c       0x20 /Developer/arm/gcc-arm-none-eabi/bin/../lib/gcc/arm-none-eabi/7.2.1/../../../../arm-none-eabi/lib/thumb/v6-m/libnosys.a(lseek.o)
 .debug_frame   0x000000000000185c       0x20 /Developer/arm/gcc-arm-none-eabi/bin/../lib/gcc/arm-none-eabi/7.2.1/../../../../arm-none-eabi/lib/thumb/v6-m/libnosys.a(read.o)
 .debug_frame   0x000000000000187c       0x20 /Developer/arm/gcc-arm-none-eabi/bin/../lib/gcc/arm-none-eabi/7.2.1/../../../../arm-none-eabi/lib/thumb/v6-m/libnosys.a(sbrk.o)

.stab           0x0000000000000000       0x84
 .stab          0x0000000000000000       0x24 /Developer/arm/gcc-arm-none-eabi/bin/../lib/gcc/arm-none-eabi/7.2.1/../../../../arm-none-eabi/lib/thumb/v6-m/libnosys.a(close.o)
 .stab          0x0000000000000024       0x18 /Developer/arm/gcc-arm-none-eabi/bin/../lib/gcc/arm-none-eabi/7.2.1/../../../../arm-none-eabi/lib/thumb/v6-m/libnosys.a(fstat.o)
                                         0x24 (size before relaxing)
 .stab          0x000000000000003c       0x18 /Developer/arm/gcc-arm-none-eabi/bin/../lib/gcc/arm-none-eabi/7.2.1/../../../../arm-none-eabi/lib/thumb/v6-m/libnosys.a(isatty.o)
                                         0x24 (size before relaxing)
 .stab          0x0000000000000054       0x18 /Developer/arm/gcc-arm-none-eabi/bin/../lib/gcc/arm-none-eabi/7.2.1/../../../../arm-none-eabi/lib/thumb/v6-m/libnosys.a(lseek.o)
                                         0x24 (size before relaxing)
 .stab          0x000000000000006c       0x18 /Developer/arm/gcc-arm-none-eabi/bin/../lib/gcc/arm-none-eabi/7.2.1/../../../../arm-none-eabi/lib/thumb/v6-m/libnosys.a(read.o)
                                         0x24 (size before relaxing)

.stabstr        0x0000000000000000      0x117
 .stabstr       0x0000000000000000      0x117 /Developer/arm/gcc-arm-none-eabi/bin/../lib/gcc/arm-none-eabi/7.2.1/../../../../arm-none-eabi/lib/thumb/v6-m/libnosys.a(close.o)
